../Core/Src/ApplicationCode.c:35:6:ApplicationInit	8	static
../Core/Src/ApplicationCode.c:56:6:LCD_Visual_Demo	8	static
../Core/Src/ApplicationCode.c:61:6:LCD_Start_Screen	8	static
../Core/Src/ApplicationCode.c:70:6:gameScreen1P	8	static
../Core/Src/ApplicationCode.c:94:6:polling1P	24	static
../Core/Src/ApplicationCode.c:244:6:gameScreen2P	8	static
../Core/Src/ApplicationCode.c:266:5:place	16	static
../Core/Src/ApplicationCode.c:281:5:checkWin	64	static
../Core/Src/ApplicationCode.c:331:6:polling2P	24	static
../Core/Src/ApplicationCode.c:452:6:LCD_Final_Screen	8	static
../Core/Src/ApplicationCode.c:506:6:printNum	48	static
../Core/Src/ApplicationCode.c:530:6:LCD_Main_Menu_Polling	8	static
../Core/Src/ApplicationCode.c:550:6:LCD_Touch_Polling_Demo	8	static
../Core/Src/ApplicationCode.c:571:6:buttonInitInterrupt	8	static
../Core/Src/ApplicationCode.c:575:6:EXTI0_IRQHandler	8	static
../Core/Src/ApplicationCode.c:616:6:TIM2_IRQHandler	8	static
../Core/Src/ApplicationCode.c:620:6:HAL_TIM_PeriodElapsedCallback	16	static
