Archive member included to satisfy reference by file (symbol)

C:/ST/STM32CubeIDE_1.17.0/STM32CubeIDE/plugins/com.st.stm32cube.ide.mcu.externaltools.gnu-tools-for-stm32.12.3.rel1.win32_1.1.0.202410251130/tools/bin/../lib/gcc/arm-none-eabi/12.3.1/../../../../arm-none-eabi/lib/thumb/v7e-m+fp/hard\libc_nano.a(libc_a-exit.o)
                              C:/ST/STM32CubeIDE_1.17.0/STM32CubeIDE/plugins/com.st.stm32cube.ide.mcu.externaltools.gnu-tools-for-stm32.12.3.rel1.win32_1.1.0.202410251130/tools/bin/../lib/gcc/arm-none-eabi/12.3.1/../../../../arm-none-eabi/lib/thumb/v7e-m+fp/hard/crt0.o (exit)
C:/ST/STM32CubeIDE_1.17.0/STM32CubeIDE/plugins/com.st.stm32cube.ide.mcu.externaltools.gnu-tools-for-stm32.12.3.rel1.win32_1.1.0.202410251130/tools/bin/../lib/gcc/arm-none-eabi/12.3.1/../../../../arm-none-eabi/lib/thumb/v7e-m+fp/hard\libc_nano.a(libc_a-findfp.o)
                              C:/ST/STM32CubeIDE_1.17.0/STM32CubeIDE/plugins/com.st.stm32cube.ide.mcu.externaltools.gnu-tools-for-stm32.12.3.rel1.win32_1.1.0.202410251130/tools/bin/../lib/gcc/arm-none-eabi/12.3.1/../../../../arm-none-eabi/lib/thumb/v7e-m+fp/hard\libc_nano.a(libc_a-exit.o) (__stdio_exit_handler)
C:/ST/STM32CubeIDE_1.17.0/STM32CubeIDE/plugins/com.st.stm32cube.ide.mcu.externaltools.gnu-tools-for-stm32.12.3.rel1.win32_1.1.0.202410251130/tools/bin/../lib/gcc/arm-none-eabi/12.3.1/../../../../arm-none-eabi/lib/thumb/v7e-m+fp/hard\libc_nano.a(libc_a-fwalk.o)
                              C:/ST/STM32CubeIDE_1.17.0/STM32CubeIDE/plugins/com.st.stm32cube.ide.mcu.externaltools.gnu-tools-for-stm32.12.3.rel1.win32_1.1.0.202410251130/tools/bin/../lib/gcc/arm-none-eabi/12.3.1/../../../../arm-none-eabi/lib/thumb/v7e-m+fp/hard\libc_nano.a(libc_a-findfp.o) (_fwalk_sglue)
C:/ST/STM32CubeIDE_1.17.0/STM32CubeIDE/plugins/com.st.stm32cube.ide.mcu.externaltools.gnu-tools-for-stm32.12.3.rel1.win32_1.1.0.202410251130/tools/bin/../lib/gcc/arm-none-eabi/12.3.1/../../../../arm-none-eabi/lib/thumb/v7e-m+fp/hard\libc_nano.a(libc_a-printf.o)
                              ./Core/Src/ApplicationCode.o (printf)
C:/ST/STM32CubeIDE_1.17.0/STM32CubeIDE/plugins/com.st.stm32cube.ide.mcu.externaltools.gnu-tools-for-stm32.12.3.rel1.win32_1.1.0.202410251130/tools/bin/../lib/gcc/arm-none-eabi/12.3.1/../../../../arm-none-eabi/lib/thumb/v7e-m+fp/hard\libc_nano.a(libc_a-puts.o)
                              ./Core/Src/ApplicationCode.o (puts)
C:/ST/STM32CubeIDE_1.17.0/STM32CubeIDE/plugins/com.st.stm32cube.ide.mcu.externaltools.gnu-tools-for-stm32.12.3.rel1.win32_1.1.0.202410251130/tools/bin/../lib/gcc/arm-none-eabi/12.3.1/../../../../arm-none-eabi/lib/thumb/v7e-m+fp/hard\libc_nano.a(libc_a-stdio.o)
                              C:/ST/STM32CubeIDE_1.17.0/STM32CubeIDE/plugins/com.st.stm32cube.ide.mcu.externaltools.gnu-tools-for-stm32.12.3.rel1.win32_1.1.0.202410251130/tools/bin/../lib/gcc/arm-none-eabi/12.3.1/../../../../arm-none-eabi/lib/thumb/v7e-m+fp/hard\libc_nano.a(libc_a-findfp.o) (__sread)
C:/ST/STM32CubeIDE_1.17.0/STM32CubeIDE/plugins/com.st.stm32cube.ide.mcu.externaltools.gnu-tools-for-stm32.12.3.rel1.win32_1.1.0.202410251130/tools/bin/../lib/gcc/arm-none-eabi/12.3.1/../../../../arm-none-eabi/lib/thumb/v7e-m+fp/hard\libc_nano.a(libc_a-wbuf.o)
                              C:/ST/STM32CubeIDE_1.17.0/STM32CubeIDE/plugins/com.st.stm32cube.ide.mcu.externaltools.gnu-tools-for-stm32.12.3.rel1.win32_1.1.0.202410251130/tools/bin/../lib/gcc/arm-none-eabi/12.3.1/../../../../arm-none-eabi/lib/thumb/v7e-m+fp/hard\libc_nano.a(libc_a-puts.o) (__swbuf_r)
C:/ST/STM32CubeIDE_1.17.0/STM32CubeIDE/plugins/com.st.stm32cube.ide.mcu.externaltools.gnu-tools-for-stm32.12.3.rel1.win32_1.1.0.202410251130/tools/bin/../lib/gcc/arm-none-eabi/12.3.1/../../../../arm-none-eabi/lib/thumb/v7e-m+fp/hard\libc_nano.a(libc_a-wsetup.o)
                              C:/ST/STM32CubeIDE_1.17.0/STM32CubeIDE/plugins/com.st.stm32cube.ide.mcu.externaltools.gnu-tools-for-stm32.12.3.rel1.win32_1.1.0.202410251130/tools/bin/../lib/gcc/arm-none-eabi/12.3.1/../../../../arm-none-eabi/lib/thumb/v7e-m+fp/hard\libc_nano.a(libc_a-puts.o) (__swsetup_r)
C:/ST/STM32CubeIDE_1.17.0/STM32CubeIDE/plugins/com.st.stm32cube.ide.mcu.externaltools.gnu-tools-for-stm32.12.3.rel1.win32_1.1.0.202410251130/tools/bin/../lib/gcc/arm-none-eabi/12.3.1/../../../../arm-none-eabi/lib/thumb/v7e-m+fp/hard\libc_nano.a(libc_a-memset.o)
                              C:/ST/STM32CubeIDE_1.17.0/STM32CubeIDE/plugins/com.st.stm32cube.ide.mcu.externaltools.gnu-tools-for-stm32.12.3.rel1.win32_1.1.0.202410251130/tools/bin/../lib/gcc/arm-none-eabi/12.3.1/../../../../arm-none-eabi/lib/thumb/v7e-m+fp/hard/crt0.o (memset)
C:/ST/STM32CubeIDE_1.17.0/STM32CubeIDE/plugins/com.st.stm32cube.ide.mcu.externaltools.gnu-tools-for-stm32.12.3.rel1.win32_1.1.0.202410251130/tools/bin/../lib/gcc/arm-none-eabi/12.3.1/../../../../arm-none-eabi/lib/thumb/v7e-m+fp/hard\libc_nano.a(libc_a-closer.o)
[...]
Memory Configuration

Name             Origin             Length             Attributes
CCMRAM           0x10000000         0x00010000         xrw
RAM              0x20000000         0x00030000         xrw
FLASH            0x08000000         0x00200000         xr
*default*        0x00000000         0xffffffff

Linker script and memory map

LOAD C:/ST/STM32CubeIDE_1.17.0/STM32CubeIDE/plugins/com.st.stm32cube.ide.mcu.externaltools.gnu-tools-for-stm32.12.3.rel1.win32_1.1.0.202410251130/tools/bin/../lib/gcc/arm-none-eabi/12.3.1/thumb/v7e-m+fp/hard/crti.o
LOAD C:/ST/STM32CubeIDE_1.17.0/STM32CubeIDE/plugins/com.st.stm32cube.ide.mcu.externaltools.gnu-tools-for-stm32.12.3.rel1.win32_1.1.0.202410251130/tools/bin/../lib/gcc/arm-none-eabi/12.3.1/thumb/v7e-m+fp/hard/crtbegin.o
LOAD C:/ST/STM32CubeIDE_1.17.0/STM32CubeIDE/plugins/com.st.stm32cube.ide.mcu.externaltools.gnu-tools-for-stm32.12.3.rel1.win32_1.1.0.202410251130/tools/bin/../lib/gcc/arm-none-eabi/12.3.1/../../../../arm-none-eabi/lib/thumb/v7e-m+fp/hard/crt0.o
LOAD ./Core/Src/ApplicationCode.o
LOAD ./Core/Src/Button_Driver.o
LOAD ./Core/Src/LCD_Driver.o
LOAD ./Core/Src/RNG_Driver.o
LOAD ./Core/Src/fonts.o
LOAD ./Core/Src/ili9341.o
LOAD ./Core/Src/main.o
LOAD ./Core/Src/stm32f4xx_hal_msp.o
LOAD ./Core/Src/stm32f4xx_it.o
LOAD ./Core/Src/stmpe811.o
LOAD ./Core/Src/syscalls.o
LOAD ./Core/Src/sysmem.o
LOAD ./Core/Src/system_stm32f4xx.o
LOAD ./Core/Startup/startup_stm32f429zitx.o
LOAD ./Drivers/STM32F4xx_HAL_Driver/Src/stm32f4xx_hal.o
LOAD ./Drivers/STM32F4xx_HAL_Driver/Src/stm32f4xx_hal_cortex.o
LOAD ./Drivers/STM32F4xx_HAL_Driver/Src/stm32f4xx_hal_dma.o
LOAD ./Drivers/STM32F4xx_HAL_Driver/Src/stm32f4xx_hal_dma_ex.o
LOAD ./Drivers/STM32F4xx_HAL_Driver/Src/stm32f4xx_hal_dsi.o
LOAD ./Drivers/STM32F4xx_HAL_Driver/Src/stm32f4xx_hal_exti.o
LOAD ./Drivers/STM32F4xx_HAL_Driver/Src/stm32f4xx_hal_flash.o
LOAD ./Drivers/STM32F4xx_HAL_Driver/Src/stm32f4xx_hal_flash_ex.o
LOAD ./Drivers/STM32F4xx_HAL_Driver/Src/stm32f4xx_hal_flash_ramfunc.o
LOAD ./Drivers/STM32F4xx_HAL_Driver/Src/stm32f4xx_hal_gpio.o
LOAD ./Drivers/STM32F4xx_HAL_Driver/Src/stm32f4xx_hal_i2c.o
LOAD ./Drivers/STM32F4xx_HAL_Driver/Src/stm32f4xx_hal_i2c_ex.o
LOAD ./Drivers/STM32F4xx_HAL_Driver/Src/stm32f4xx_hal_ltdc.o
LOAD ./Drivers/STM32F4xx_HAL_Driver/Src/stm32f4xx_hal_ltdc_ex.o
LOAD ./Drivers/STM32F4xx_HAL_Driver/Src/stm32f4xx_hal_pwr.o
LOAD ./Drivers/STM32F4xx_HAL_Driver/Src/stm32f4xx_hal_pwr_ex.o
LOAD ./Drivers/STM32F4xx_HAL_Driver/Src/stm32f4xx_hal_rcc.o
LOAD ./Drivers/STM32F4xx_HAL_Driver/Src/stm32f4xx_hal_rcc_ex.o
LOAD ./Drivers/STM32F4xx_HAL_Driver/Src/stm32f4xx_hal_rng.o
LOAD ./Drivers/STM32F4xx_HAL_Driver/Src/stm32f4xx_hal_spi.o
LOAD ./Drivers/STM32F4xx_HAL_Driver/Src/stm32f4xx_hal_tim.o
LOAD ./Drivers/STM32F4xx_HAL_Driver/Src/stm32f4xx_hal_tim_ex.o
START GROUP
LOAD C:/ST/STM32CubeIDE_1.17.0/STM32CubeIDE/plugins/com.st.stm32cube.ide.mcu.externaltools.gnu-tools-for-stm32.12.3.rel1.win32_1.1.0.202410251130/tools/bin/../lib/gcc/arm-none-eabi/12.3.1/../../../../arm-none-eabi/lib/thumb/v7e-m+fp/hard\libc_nano.a
LOAD C:/ST/STM32CubeIDE_1.17.0/STM32CubeIDE/plugins/com.st.stm32cube.ide.mcu.externaltools.gnu-tools-for-stm32.12.3.rel1.win32_1.1.0.202410251130/tools/bin/../lib/gcc/arm-none-eabi/12.3.1/../../../../arm-none-eabi/lib/thumb/v7e-m+fp/hard\libm.a
END GROUP
START GROUP
LOAD C:/ST/STM32CubeIDE_1.17.0/STM32CubeIDE/plugins/com.st.stm32cube.ide.mcu.externaltools.gnu-tools-for-stm32.12.3.rel1.win32_1.1.0.202410251130/tools/bin/../lib/gcc/arm-none-eabi/12.3.1/thumb/v7e-m+fp/hard\libgcc.a
LOAD C:/ST/STM32CubeIDE_1.17.0/STM32CubeIDE/plugins/com.st.stm32cube.ide.mcu.externaltools.gnu-tools-for-stm32.12.3.rel1.win32_1.1.0.202410251130/tools/bin/../lib/gcc/arm-none-eabi/12.3.1/../../../../arm-none-eabi/lib/thumb/v7e-m+fp/hard\libc_nano.a
END GROUP
START GROUP
LOAD C:/ST/STM32CubeIDE_1.17.0/STM32CubeIDE/plugins/com.st.stm32cube.ide.mcu.externaltools.gnu-tools-for-stm32.12.3.rel1.win32_1.1.0.202410251130/tools/bin/../lib/gcc/arm-none-eabi/12.3.1/thumb/v7e-m+fp/hard\libgcc.a
LOAD C:/ST/STM32CubeIDE_1.17.0/STM32CubeIDE/plugins/com.st.stm32cube.ide.mcu.externaltools.gnu-tools-for-stm32.12.3.rel1.win32_1.1.0.202410251130/tools/bin/../lib/gcc/arm-none-eabi/12.3.1/../../../../arm-none-eabi/lib/thumb/v7e-m+fp/hard\libc_nano.a
LOAD C:/ST/STM32CubeIDE_1.17.0/STM32CubeIDE/plugins/com.st.stm32cube.ide.mcu.externaltools.gnu-tools-for-stm32.12.3.rel1.win32_1.1.0.202410251130/tools/bin/../lib/gcc/arm-none-eabi/12.3.1/../../../../arm-none-eabi/lib/thumb/v7e-m+fp/hard\libnosys.a
END GROUP
START GROUP
LOAD C:/ST/STM32CubeIDE_1.17.0/STM32CubeIDE/plugins/com.st.stm32cube.ide.mcu.externaltools.gnu-tools-for-stm32.12.3.rel1.win32_1.1.0.202410251130/tools/bin/../lib/gcc/arm-none-eabi/12.3.1/thumb/v7e-m+fp/hard\libgcc.a
LOAD C:/ST/STM32CubeIDE_1.17.0/STM32CubeIDE/plugins/com.st.stm32cube.ide.mcu.externaltools.gnu-tools-for-stm32.12.3.rel1.win32_1.1.0.202410251130/tools/bin/../lib/gcc/arm-none-eabi/12.3.1/../../../../arm-none-eabi/lib/thumb/v7e-m+fp/hard\libc_nano.a
LOAD C:/ST/STM32CubeIDE_1.17.0/STM32CubeIDE/plugins/com.st.stm32cube.ide.mcu.externaltools.gnu-tools-for-stm32.12.3.rel1.win32_1.1.0.202410251130/tools/bin/../lib/gcc/arm-none-eabi/12.3.1/../../../../arm-none-eabi/lib/thumb/v7e-m+fp/hard\libnosys.a
END GROUP
LOAD C:/ST/STM32CubeIDE_1.17.0/STM32CubeIDE/plugins/com.st.stm32cube.ide.mcu.externaltools.gnu-tools-for-stm32.12.3.rel1.win32_1.1.0.202410251130/tools/bin/../lib/gcc/arm-none-eabi/12.3.1/thumb/v7e-m+fp/hard/crtend.o
LOAD C:/ST/STM32CubeIDE_1.17.0/STM32CubeIDE/plugins/com.st.stm32cube.ide.mcu.externaltools.gnu-tools-for-stm32.12.3.rel1.win32_1.1.0.202410251130/tools/bin/../lib/gcc/arm-none-eabi/12.3.1/thumb/v7e-m+fp/hard/crtn.o
                0x20030000                        _estack = (ORIGIN (RAM) + LENGTH (RAM))
                0x00000200                        _Min_Heap_Size = 0x200
                0x00000400                        _Min_Stack_Size = 0x400

.isr_vector     0x08000000      0x1ac
                0x08000000                        . = ALIGN (0x4)
 *(.isr_vector)
 .isr_vector    0x08000000      0x1ac ./Core/Startup/startup_stm32f429zitx.o
                0x08000000                g_pfnVectors
                0x080001ac                        . = ALIGN (0x4)

.text           0x080001b0     0x803c
                0x080001b0                        . = ALIGN (0x4)
 *(.text)
 .text          0x080001b0       0x40 C:/ST/STM32CubeIDE_1.17.0/STM32CubeIDE/plugins/com.st.stm32cube.ide.mcu.externaltools.gnu-tools-for-stm32.12.3.rel1.win32_1.1.0.202410251130/tools/bin/../lib/gcc/arm-none-eabi/12.3.1/thumb/v7e-m+fp/hard/crtbegin.o
 .text          0x080001f0       0xa0 C:/ST/STM32CubeIDE_1.17.0/STM32CubeIDE/plugins/com.st.stm32cube.ide.mcu.externaltools.gnu-tools-for-stm32.12.3.rel1.win32_1.1.0.202410251130/tools/bin/../lib/gcc/arm-none-eabi/12.3.1/../../../../arm-none-eabi/lib/thumb/v7e-m+fp/hard\libc_nano.a(libc_a-memchr.o)
                0x080001f0                memchr
 .text          0x08000290       0x30 C:/ST/STM32CubeIDE_1.17.0/STM32CubeIDE/plugins/com.st.stm32cube.ide.mcu.externaltools.gnu-tools-for-stm32.12.3.rel1.win32_1.1.0.202410251130/tools/bin/../lib/gcc/arm-none-eabi/12.3.1/thumb/v7e-m+fp/hard\libgcc.a(_aeabi_uldivmod.o)
                0x08000290                __aeabi_uldivmod
 .text          0x080002c0      0x2bc C:/ST/STM32CubeIDE_1.17.0/STM32CubeIDE/plugins/com.st.stm32cube.ide.mcu.externaltools.gnu-tools-for-stm32.12.3.rel1.win32_1.1.0.202410251130/tools/bin/../lib/gcc/arm-none-eabi/12.3.1/thumb/v7e-m+fp/hard\libgcc.a(_udivmoddi4.o)
                0x080002c0                __udivmoddi4
 .text          0x0800057c        0x4 C:/ST/STM32CubeIDE_1.17.0/STM32CubeIDE/plugins/com.st.stm32cube.ide.mcu.externaltools.gnu-tools-for-stm32.12.3.rel1.win32_1.1.0.202410251130/tools/bin/../lib/gcc/arm-none-eabi/12.3.1/thumb/v7e-m+fp/hard\libgcc.a(_dvmd_tls.o)
                0x0800057c                __aeabi_idiv0
                0x0800057c                __aeabi_ldiv0
 *(.text*)
 .text.ApplicationInit
                0x08000580       0x38 ./Core/Src/ApplicationCode.o
                0x08000580                ApplicationInit
 .text.LCD_Start_Screen
                0x080005b8       0x1c ./Core/Src/ApplicationCode.o
                0x080005b8                LCD_Start_Screen
 .text.gameScreen1P
                0x080005d4       0x58 ./Core/Src/ApplicationCode.o
                0x080005d4                gameScreen1P
 .text.polling1P
                0x0800062c      0x418 ./Core/Src/ApplicationCode.o
                0x0800062c                polling1P
 .text.gameScreen2P
                0x08000a44       0x58 ./Core/Src/ApplicationCode.o
                0x08000a44                gameScreen2P
 .text.place    0x08000a9c       0x78 ./Core/Src/ApplicationCode.o
                0x08000a9c                place
 .text.checkWin
                0x08000b14      0x438 ./Core/Src/ApplicationCode.o
                0x08000b14                checkWin
 .text.polling2P
                0x08000f4c      0x340 ./Core/Src/ApplicationCode.o
                0x08000f4c                polling2P
 .text.LCD_Main_Menu_Polling
                0x0800128c       0x8c ./Core/Src/ApplicationCode.o
                0x0800128c                LCD_Main_Menu_Polling
 .text.LCD_Touch_Polling_Demo
                0x08001318       0x58 ./Core/Src/ApplicationCode.o
                0x08001318                LCD_Touch_Polling_Demo
 .text.buttonInitInterrupt
                0x08001370        0xc ./Core/Src/ApplicationCode.o
                0x08001370                buttonInitInterrupt
 .text.EXTI0_IRQHandler
                0x0800137c       0x84 ./Core/Src/ApplicationCode.o
                0x0800137c                EXTI0_IRQHandler
 .text.Button_Init_Interrupt
                0x08001400       0x68 ./Core/Src/Button_Driver.o
                0x08001400                Button_Init_Interrupt
 .text.LCD_GPIO_Init
                0x08001468      0x190 ./Core/Src/LCD_Driver.o
                0x08001468                LCD_GPIO_Init
 .text.LTCD_Layer_Init
                0x080015f8       0x80 ./Core/Src/LCD_Driver.o
                0x080015f8                LTCD_Layer_Init
 .text.LTCD__Init
                0x08001678       0xbc ./Core/Src/LCD_Driver.o
                0x08001678                LTCD__Init
 .text.LCD_Draw_Pixel
                0x08001734       0x3c ./Core/Src/LCD_Driver.o
                0x08001734                LCD_Draw_Pixel
 .text.LCD_Draw_Circle_Fill
                0x08001770       0xa6 ./Core/Src/LCD_Driver.o
                0x08001770                LCD_Draw_Circle_Fill
 .text.LCD_Draw_Vertical_Line
                0x08001816       0x4e ./Core/Src/LCD_Driver.o
                0x08001816                LCD_Draw_Vertical_Line
 .text.LCD_Draw_Horizontal_Line
                0x08001864       0x4e ./Core/Src/LCD_Driver.o
                0x08001864                LCD_Draw_Horizontal_Line
 *fill*         0x080018b2        0x2 
 .text.LCD_Clear
                0x080018b4       0x44 ./Core/Src/LCD_Driver.o
                0x080018b4                LCD_Clear
 .text.LCD_SetTextColor
                0x080018f8       0x20 ./Core/Src/LCD_Driver.o
                0x080018f8                LCD_SetTextColor
 .text.LCD_SetFont
                0x08001918       0x20 ./Core/Src/LCD_Driver.o
                0x08001918                LCD_SetFont
 .text.LCD_Draw_Char
                0x08001938       0xdc ./Core/Src/LCD_Driver.o
                0x08001938                LCD_Draw_Char
 .text.LCD_DisplayChar
                0x08001a14       0x44 ./Core/Src/LCD_Driver.o
                0x08001a14                LCD_DisplayChar
 .text.startScreen
                0x08001a58      0x1d0 ./Core/Src/LCD_Driver.o
                0x08001a58                startScreen
 .text.drawBoard
                0x08001c28      0x1d0 ./Core/Src/LCD_Driver.o
                0x08001c28                drawBoard
 .text.drawPosition
                0x08001df8       0x72 ./Core/Src/LCD_Driver.o
                0x08001df8                drawPosition
 .text.LCD_Error_Handler
                0x08001e6a        0xc ./Core/Src/LCD_Driver.o
                0x08001e6a                LCD_Error_Handler
 .text.InitializeLCDTouch
                0x08001e76       0x20 ./Core/Src/LCD_Driver.o
                0x08001e76                InitializeLCDTouch
 .text.returnTouchStateAndLocation
                0x08001e96       0x18 ./Core/Src/LCD_Driver.o
                0x08001e96                returnTouchStateAndLocation
 *fill*         0x08001eae        0x2 
 .text.RNG_Init
                0x08001eb0       0x28 ./Core/Src/RNG_Driver.o
                0x08001eb0                RNG_Init
 .text.RNG_Error_Handler
                0x08001ed8        0x8 ./Core/Src/RNG_Driver.o
                0x08001ed8                RNG_Error_Handler
 .text.RNG_Random
                0x08001ee0       0x30 ./Core/Src/RNG_Driver.o
                0x08001ee0                RNG_Random
 .text.ili9341_Init
                0x08001f10      0x294 ./Core/Src/ili9341.o
                0x08001f10                ili9341_Init
 .text.ili9341_Write_Reg
                0x080021a4       0x1a ./Core/Src/ili9341.o
                0x080021a4                ili9341_Write_Reg
 .text.ili9341_Send_Data
                0x080021be       0x1a ./Core/Src/ili9341.o
                0x080021be                ili9341_Send_Data
 .text.SPI_Init
                0x080021d8       0x74 ./Core/Src/ili9341.o
 .text.SPI_Write
                0x0800224c       0x3c ./Core/Src/ili9341.o
 .text.SPI_Error
                0x08002288       0x18 ./Core/Src/ili9341.o
 .text.SPI_MspInit
                0x080022a0       0x74 ./Core/Src/ili9341.o
 .text.LCD_IO_Init
                0x08002314       0xf0 ./Core/Src/ili9341.o
                0x08002314                LCD_IO_Init
 .text.LCD_IO_WriteData
                0x08002404       0x44 ./Core/Src/ili9341.o
                0x08002404                LCD_IO_WriteData
 .text.LCD_IO_WriteReg
                0x08002448       0x44 ./Core/Src/ili9341.o
                0x08002448                LCD_IO_WriteReg
 .text.LCD_Delay
                0x0800248c       0x16 ./Core/Src/ili9341.o
                0x0800248c                LCD_Delay
 .text.main     0x080024a2       0x3c ./Core/Src/main.o
                0x080024a2                main
 *fill*         0x080024de        0x2 
 .text.SystemClock_Config
                0x080024e0       0xd4 ./Core/Src/main.o
                0x080024e0                SystemClock_Config
 .text.MX_I2C3_Init
                0x080025b4       0x80 ./Core/Src/main.o
 .text.MX_LTDC_Init
                0x08002634      0x164 ./Core/Src/main.o
 .text.MX_RNG_Init
                0x08002798       0x28 ./Core/Src/main.o
 .text.MX_SPI5_Init
                0x080027c0       0x6c ./Core/Src/main.o
 .text.MX_TIM2_Init
                0x0800282c       0x98 ./Core/Src/main.o
 .text.MX_GPIO_Init
                0x080028c4      0x35c ./Core/Src/main.o
 .text.Error_Handler
                0x08002c20        0xc ./Core/Src/main.o
                0x08002c20                Error_Handler
 .text.HAL_MspInit
                0x08002c2c       0x50 ./Core/Src/stm32f4xx_hal_msp.o
                0x08002c2c                HAL_MspInit
 .text.HAL_I2C_MspInit
                0x08002c7c       0xd4 ./Core/Src/stm32f4xx_hal_msp.o
                0x08002c7c                HAL_I2C_MspInit
 .text.HAL_LTDC_MspInit
                0x08002d50      0x250 ./Core/Src/stm32f4xx_hal_msp.o
                0x08002d50                HAL_LTDC_MspInit
 .text.HAL_RNG_MspInit
                0x08002fa0       0x44 ./Core/Src/stm32f4xx_hal_msp.o
                0x08002fa0                HAL_RNG_MspInit
 .text.HAL_SPI_MspInit
                0x08002fe4       0x90 ./Core/Src/stm32f4xx_hal_msp.o
                0x08002fe4                HAL_SPI_MspInit
 .text.HAL_SPI_MspDeInit
                0x08003074       0x3c ./Core/Src/stm32f4xx_hal_msp.o
                0x08003074                HAL_SPI_MspDeInit
 .text.HAL_TIM_Base_MspInit
                0x080030b0       0x40 ./Core/Src/stm32f4xx_hal_msp.o
                0x080030b0                HAL_TIM_Base_MspInit
 .text.NMI_Handler
                0x080030f0        0x8 ./Core/Src/stm32f4xx_it.o
                0x080030f0                NMI_Handler
 .text.HardFault_Handler
                0x080030f8        0x8 ./Core/Src/stm32f4xx_it.o
                0x080030f8                HardFault_Handler
 .text.MemManage_Handler
                0x08003100        0x8 ./Core/Src/stm32f4xx_it.o
                0x08003100                MemManage_Handler
 .text.BusFault_Handler
                0x08003108        0x8 ./Core/Src/stm32f4xx_it.o
                0x08003108                BusFault_Handler
 .text.UsageFault_Handler
                0x08003110        0x8 ./Core/Src/stm32f4xx_it.o
                0x08003110                UsageFault_Handler
 .text.SVC_Handler
                0x08003118        0xe ./Core/Src/stm32f4xx_it.o
                0x08003118                SVC_Handler
 .text.DebugMon_Handler
                0x08003126        0xe ./Core/Src/stm32f4xx_it.o
                0x08003126                DebugMon_Handler
 .text.PendSV_Handler
                0x08003134        0xe ./Core/Src/stm32f4xx_it.o
                0x08003134                PendSV_Handler
 .text.SysTick_Handler
                0x08003142        0xc ./Core/Src/stm32f4xx_it.o
                0x08003142                SysTick_Handler
 .text.STMPE811_Init
                0x0800314e      0x14e ./Core/Src/stmpe811.o
                0x0800314e                STMPE811_Init
 .text.STMPE811_Read
                0x0800329c       0x22 ./Core/Src/stmpe811.o
                0x0800329c                STMPE811_Read
 .text.STMPE811_ReadTouch
                0x080032be      0x198 ./Core/Src/stmpe811.o
                0x080032be                STMPE811_ReadTouch
 *fill*         0x08003456        0x2 
 .text.verifyHAL_I2C_IS_OKAY
                0x08003458       0x20 ./Core/Src/stmpe811.o
                0x08003458                verifyHAL_I2C_IS_OKAY
 .text.I2C3_Init
                0x08003478       0x7c ./Core/Src/stmpe811.o
 .text.I2C3_MspInit
                0x080034f4       0xa8 ./Core/Src/stmpe811.o
 .text.I2C3_Write
                0x0800359c       0x54 ./Core/Src/stmpe811.o
                0x0800359c                I2C3_Write
 .text.I2C3_Read
                0x080035f0       0x4c ./Core/Src/stmpe811.o
                0x080035f0                I2C3_Read
 .text.I2C3_MulitByteRead
                0x0800363c       0x44 ./Core/Src/stmpe811.o
                0x0800363c                I2C3_MulitByteRead
 .text.TM_STMPE811_ReadX
                0x08003680       0xbc ./Core/Src/stmpe811.o
                0x08003680                TM_STMPE811_ReadX
 .text.TM_STMPE811_ReadY
                0x0800373c       0xa4 ./Core/Src/stmpe811.o
                0x0800373c                TM_STMPE811_ReadY
 .text.initialise_monitor_handles
                0x080037e0        0xe ./Core/Src/syscalls.o
                0x080037e0                initialise_monitor_handles
 .text._read    0x080037ee       0x3a ./Core/Src/syscalls.o
                0x080037ee                _read
 .text._write   0x08003828       0x38 ./Core/Src/syscalls.o
                0x08003828                _write
 .text._close   0x08003860       0x18 ./Core/Src/syscalls.o
                0x08003860                _close
 .text._fstat   0x08003878       0x20 ./Core/Src/syscalls.o
                0x08003878                _fstat
 .text._isatty  0x08003898       0x16 ./Core/Src/syscalls.o
                0x08003898                _isatty
 .text._lseek   0x080038ae       0x1a ./Core/Src/syscalls.o
                0x080038ae                _lseek
 .text._sbrk    0x080038c8       0x6c ./Core/Src/sysmem.o
                0x080038c8                _sbrk
 .text.SystemInit
                0x08003934       0x24 ./Core/Src/system_stm32f4xx.o
                0x08003934                SystemInit
 .text.Reset_Handler
                0x08003958       0x50 ./Core/Startup/startup_stm32f429zitx.o
                0x08003958                Reset_Handler
 .text.Default_Handler
                0x080039a8        0x2 ./Core/Startup/startup_stm32f429zitx.o
                0x080039a8                RTC_Alarm_IRQHandler
                0x080039a8                HASH_RNG_IRQHandler
                0x080039a8                EXTI2_IRQHandler
                0x080039a8                TIM8_CC_IRQHandler
                0x080039a8                UART8_IRQHandler
                0x080039a8                SPI4_IRQHandler
                0x080039a8                TIM1_CC_IRQHandler
                0x080039a8                DMA2_Stream5_IRQHandler
                0x080039a8                DMA1_Stream5_IRQHandler
                0x080039a8                PVD_IRQHandler
                0x080039a8                SDIO_IRQHandler
                0x080039a8                TAMP_STAMP_IRQHandler
                0x080039a8                CAN2_RX1_IRQHandler
                0x080039a8                EXTI3_IRQHandler
                0x080039a8                TIM8_TRG_COM_TIM14_IRQHandler
                0x080039a8                TIM1_UP_TIM10_IRQHandler
                0x080039a8                TIM8_UP_TIM13_IRQHandler
                0x080039a8                I2C3_ER_IRQHandler
                0x080039a8                I2C2_EV_IRQHandler
                0x080039a8                DMA1_Stream2_IRQHandler
                0x080039a8                CAN1_RX0_IRQHandler
                0x080039a8                FPU_IRQHandler
                0x080039a8                OTG_HS_WKUP_IRQHandler
                0x080039a8                LTDC_ER_IRQHandler
                0x080039a8                CAN2_SCE_IRQHandler
                0x080039a8                DMA2_Stream2_IRQHandler
                0x080039a8                SPI1_IRQHandler
                0x080039a8                TIM6_DAC_IRQHandler
                0x080039a8                TIM1_BRK_TIM9_IRQHandler
                0x080039a8                DCMI_IRQHandler
                0x080039a8                CAN2_RX0_IRQHandler
                0x080039a8                DMA2_Stream3_IRQHandler
                0x080039a8                USART6_IRQHandler
                0x080039a8                USART3_IRQHandler
                0x080039a8                CAN1_RX1_IRQHandler
                0x080039a8                UART5_IRQHandler
                0x080039a8                DMA2_Stream0_IRQHandler
                0x080039a8                TIM4_IRQHandler
                0x080039a8                I2C1_EV_IRQHandler
                0x080039a8                DMA1_Stream6_IRQHandler
                0x080039a8                DMA1_Stream1_IRQHandler
                0x080039a8                UART4_IRQHandler
                0x080039a8                TIM3_IRQHandler
                0x080039a8                RCC_IRQHandler
                0x080039a8                TIM8_BRK_TIM12_IRQHandler
                0x080039a8                Default_Handler
                0x080039a8                EXTI15_10_IRQHandler
                0x080039a8                ADC_IRQHandler
                0x080039a8                DMA1_Stream7_IRQHandler
                0x080039a8                SPI5_IRQHandler
                0x080039a8                TIM7_IRQHandler
                0x080039a8                CAN2_TX_IRQHandler
                0x080039a8                TIM5_IRQHandler
                0x080039a8                DMA2_Stream7_IRQHandler
                0x080039a8                I2C3_EV_IRQHandler
                0x080039a8                EXTI9_5_IRQHandler
                0x080039a8                RTC_WKUP_IRQHandler
                0x080039a8                LTDC_IRQHandler
                0x080039a8                ETH_WKUP_IRQHandler
                0x080039a8                SPI2_IRQHandler
                0x080039a8                OTG_HS_EP1_IN_IRQHandler
                0x080039a8                DMA1_Stream0_IRQHandler
                0x080039a8                CAN1_TX_IRQHandler
                0x080039a8                EXTI4_IRQHandler
                0x080039a8                ETH_IRQHandler
                0x080039a8                OTG_HS_EP1_OUT_IRQHandler
                0x080039a8                WWDG_IRQHandler
                0x080039a8                SPI6_IRQHandler
                0x080039a8                TIM2_IRQHandler
                0x080039a8                OTG_FS_WKUP_IRQHandler
                0x080039a8                TIM1_TRG_COM_TIM11_IRQHandler
                0x080039a8                OTG_HS_IRQHandler
                0x080039a8                DMA2D_IRQHandler
                0x080039a8                EXTI1_IRQHandler
                0x080039a8                UART7_IRQHandler
                0x080039a8                USART2_IRQHandler
                0x080039a8                I2C2_ER_IRQHandler
                0x080039a8                DMA2_Stream1_IRQHandler
                0x080039a8                CAN1_SCE_IRQHandler
                0x080039a8                FLASH_IRQHandler
                0x080039a8                DMA2_Stream4_IRQHandler
                0x080039a8                USART1_IRQHandler
                0x080039a8                OTG_FS_IRQHandler
                0x080039a8                SPI3_IRQHandler
                0x080039a8                DMA1_Stream4_IRQHandler
                0x080039a8                I2C1_ER_IRQHandler
                0x080039a8                FMC_IRQHandler
                0x080039a8                DMA2_Stream6_IRQHandler
                0x080039a8                SAI1_IRQHandler
                0x080039a8                DMA1_Stream3_IRQHandler
 *fill*         0x080039aa        0x2 
 .text.HAL_Init
                0x080039ac       0x44 ./Drivers/STM32F4xx_HAL_Driver/Src/stm32f4xx_hal.o
                0x080039ac                HAL_Init
 .text.HAL_InitTick
                0x080039f0       0x60 ./Drivers/STM32F4xx_HAL_Driver/Src/stm32f4xx_hal.o
                0x080039f0                HAL_InitTick
 .text.HAL_IncTick
                0x08003a50       0x28 ./Drivers/STM32F4xx_HAL_Driver/Src/stm32f4xx_hal.o
                0x08003a50                HAL_IncTick
 .text.HAL_GetTick
                0x08003a78       0x18 ./Drivers/STM32F4xx_HAL_Driver/Src/stm32f4xx_hal.o
                0x08003a78                HAL_GetTick
 .text.HAL_Delay
                0x08003a90       0x48 ./Drivers/STM32F4xx_HAL_Driver/Src/stm32f4xx_hal.o
                0x08003a90                HAL_Delay
 .text.__NVIC_SetPriorityGrouping
                0x08003ad8       0x48 ./Drivers/STM32F4xx_HAL_Driver/Src/stm32f4xx_hal_cortex.o
 .text.__NVIC_GetPriorityGrouping
                0x08003b20       0x1c ./Drivers/STM32F4xx_HAL_Driver/Src/stm32f4xx_hal_cortex.o
 .text.__NVIC_EnableIRQ
                0x08003b3c       0x3c ./Drivers/STM32F4xx_HAL_Driver/Src/stm32f4xx_hal_cortex.o
 .text.__NVIC_DisableIRQ
                0x08003b78       0x48 ./Drivers/STM32F4xx_HAL_Driver/Src/stm32f4xx_hal_cortex.o
 .text.__NVIC_SetPriority
                0x08003bc0       0x54 ./Drivers/STM32F4xx_HAL_Driver/Src/stm32f4xx_hal_cortex.o
 .text.NVIC_EncodePriority
                0x08003c14       0x66 ./Drivers/STM32F4xx_HAL_Driver/Src/stm32f4xx_hal_cortex.o
 *fill*         0x08003c7a        0x2 
 .text.SysTick_Config
                0x08003c7c       0x44 ./Drivers/STM32F4xx_HAL_Driver/Src/stm32f4xx_hal_cortex.o
 .text.HAL_NVIC_SetPriorityGrouping
                0x08003cc0       0x16 ./Drivers/STM32F4xx_HAL_Driver/Src/stm32f4xx_hal_cortex.o
                0x08003cc0                HAL_NVIC_SetPriorityGrouping
 .text.HAL_NVIC_SetPriority
                0x08003cd6       0x38 ./Drivers/STM32F4xx_HAL_Driver/Src/stm32f4xx_hal_cortex.o
                0x08003cd6                HAL_NVIC_SetPriority
 .text.HAL_NVIC_EnableIRQ
                0x08003d0e       0x1c ./Drivers/STM32F4xx_HAL_Driver/Src/stm32f4xx_hal_cortex.o
                0x08003d0e                HAL_NVIC_EnableIRQ
 .text.HAL_NVIC_DisableIRQ
                0x08003d2a       0x1c ./Drivers/STM32F4xx_HAL_Driver/Src/stm32f4xx_hal_cortex.o
                0x08003d2a                HAL_NVIC_DisableIRQ
 .text.HAL_SYSTICK_Config
                0x08003d46       0x18 ./Drivers/STM32F4xx_HAL_Driver/Src/stm32f4xx_hal_cortex.o
                0x08003d46                HAL_SYSTICK_Config
 *fill*         0x08003d5e        0x2 
 .text.HAL_EXTI_ClearPending
                0x08003d60       0x30 ./Drivers/STM32F4xx_HAL_Driver/Src/stm32f4xx_hal_exti.o
                0x08003d60                HAL_EXTI_ClearPending
 .text.HAL_GPIO_Init
                0x08003d90      0x358 ./Drivers/STM32F4xx_HAL_Driver/Src/stm32f4xx_hal_gpio.o
                0x08003d90                HAL_GPIO_Init
 .text.HAL_GPIO_DeInit
                0x080040e8      0x218 ./Drivers/STM32F4xx_HAL_Driver/Src/stm32f4xx_hal_gpio.o
                0x080040e8                HAL_GPIO_DeInit
 .text.HAL_GPIO_WritePin
                0x08004300       0x32 ./Drivers/STM32F4xx_HAL_Driver/Src/stm32f4xx_hal_gpio.o
                0x08004300                HAL_GPIO_WritePin
 *fill*         0x08004332        0x2 
 .text.HAL_I2C_Init
                0x08004334      0x288 ./Drivers/STM32F4xx_HAL_Driver/Src/stm32f4xx_hal_i2c.o
                0x08004334                HAL_I2C_Init
 .text.HAL_I2C_Mem_Write
                0x080045bc      0x1f4 ./Drivers/STM32F4xx_HAL_Driver/Src/stm32f4xx_hal_i2c.o
                0x080045bc                HAL_I2C_Mem_Write
 .text.HAL_I2C_Mem_Read
                0x080047b0      0x464 ./Drivers/STM32F4xx_HAL_Driver/Src/stm32f4xx_hal_i2c.o
                0x080047b0                HAL_I2C_Mem_Read
 .text.I2C_RequestMemoryWrite
                0x08004c14      0x12c ./Drivers/STM32F4xx_HAL_Driver/Src/stm32f4xx_hal_i2c.o
 .text.I2C_RequestMemoryRead
                0x08004d40      0x1d0 ./Drivers/STM32F4xx_HAL_Driver/Src/stm32f4xx_hal_i2c.o
 .text.I2C_WaitOnFlagUntilTimeout
                0x08004f10       0xf4 ./Drivers/STM32F4xx_HAL_Driver/Src/stm32f4xx_hal_i2c.o
 .text.I2C_WaitOnMasterAddressFlagUntilTimeout
                0x08005004      0x140 ./Drivers/STM32F4xx_HAL_Driver/Src/stm32f4xx_hal_i2c.o
 .text.I2C_WaitOnTXEFlagUntilTimeout
                0x08005144       0x90 ./Drivers/STM32F4xx_HAL_Driver/Src/stm32f4xx_hal_i2c.o
 .text.I2C_WaitOnBTFFlagUntilTimeout
                0x080051d4       0x90 ./Drivers/STM32F4xx_HAL_Driver/Src/stm32f4xx_hal_i2c.o
 .text.I2C_WaitOnRXNEFlagUntilTimeout
                0x08005264       0xba ./Drivers/STM32F4xx_HAL_Driver/Src/stm32f4xx_hal_i2c.o
 .text.I2C_IsAcknowledgeFailed
                0x0800531e       0x5e ./Drivers/STM32F4xx_HAL_Driver/Src/stm32f4xx_hal_i2c.o
 .text.HAL_I2CEx_ConfigAnalogFilter
                0x0800537c       0x78 ./Drivers/STM32F4xx_HAL_Driver/Src/stm32f4xx_hal_i2c_ex.o
                0x0800537c                HAL_I2CEx_ConfigAnalogFilter
 .text.HAL_I2CEx_ConfigDigitalFilter
                0x080053f4       0x7e ./Drivers/STM32F4xx_HAL_Driver/Src/stm32f4xx_hal_i2c_ex.o
                0x080053f4                HAL_I2CEx_ConfigDigitalFilter
 *fill*         0x08005472        0x2 
 .text.HAL_LTDC_Init
                0x08005474      0x1a0 ./Drivers/STM32F4xx_HAL_Driver/Src/stm32f4xx_hal_ltdc.o
                0x08005474                HAL_LTDC_Init
 .text.HAL_LTDC_ConfigLayer
                0x08005614       0x7c ./Drivers/STM32F4xx_HAL_Driver/Src/stm32f4xx_hal_ltdc.o
                0x08005614                HAL_LTDC_ConfigLayer
 .text.LTDC_SetConfig
                0x08005690      0x32e ./Drivers/STM32F4xx_HAL_Driver/Src/stm32f4xx_hal_ltdc.o
 *fill*         0x080059be        0x2 
 .text.HAL_RCC_OscConfig
                0x080059c0      0x4f0 ./Drivers/STM32F4xx_HAL_Driver/Src/stm32f4xx_hal_rcc.o
                0x080059c0                HAL_RCC_OscConfig
 .text.HAL_RCC_ClockConfig
                0x08005eb0      0x1cc ./Drivers/STM32F4xx_HAL_Driver/Src/stm32f4xx_hal_rcc.o
                0x08005eb0                HAL_RCC_ClockConfig
 .text.HAL_RCC_GetSysClockFreq
                0x0800607c      0x20c ./Drivers/STM32F4xx_HAL_Driver/Src/stm32f4xx_hal_rcc.o
                0x0800607c                HAL_RCC_GetSysClockFreq
 .text.HAL_RCC_GetHCLKFreq
                0x08006288       0x18 ./Drivers/STM32F4xx_HAL_Driver/Src/stm32f4xx_hal_rcc.o
                0x08006288                HAL_RCC_GetHCLKFreq
 .text.HAL_RCC_GetPCLK1Freq
                0x080062a0       0x28 ./Drivers/STM32F4xx_HAL_Driver/Src/stm32f4xx_hal_rcc.o
                0x080062a0                HAL_RCC_GetPCLK1Freq
 .text.HAL_RCCEx_PeriphCLKConfig
                0x080062c8      0x380 ./Drivers/STM32F4xx_HAL_Driver/Src/stm32f4xx_hal_rcc_ex.o
                0x080062c8                HAL_RCCEx_PeriphCLKConfig
 .text.HAL_RNG_Init
                0x08006648       0x54 ./Drivers/STM32F4xx_HAL_Driver/Src/stm32f4xx_hal_rng.o
                0x08006648                HAL_RNG_Init
 .text.HAL_RNG_GenerateRandomNumber
                0x0800669c       0xac ./Drivers/STM32F4xx_HAL_Driver/Src/stm32f4xx_hal_rng.o
                0x0800669c                HAL_RNG_GenerateRandomNumber
 .text.HAL_SPI_Init
                0x08006748      0x112 ./Drivers/STM32F4xx_HAL_Driver/Src/stm32f4xx_hal_spi.o
                0x08006748                HAL_SPI_Init
 .text.HAL_SPI_DeInit
                0x0800685a       0x50 ./Drivers/STM32F4xx_HAL_Driver/Src/stm32f4xx_hal_spi.o
                0x0800685a                HAL_SPI_DeInit
 .text.HAL_SPI_Transmit
                0x080068aa      0x288 ./Drivers/STM32F4xx_HAL_Driver/Src/stm32f4xx_hal_spi.o
                0x080068aa                HAL_SPI_Transmit
 .text.HAL_SPI_GetState
                0x08006b32       0x1c ./Drivers/STM32F4xx_HAL_Driver/Src/stm32f4xx_hal_spi.o
                0x08006b32                HAL_SPI_GetState
 *fill*         0x08006b4e        0x2 
 .text.SPI_WaitFlagStateUntilTimeout
                0x08006b50      0x110 ./Drivers/STM32F4xx_HAL_Driver/Src/stm32f4xx_hal_spi.o
 .text.SPI_EndRxTxTransaction
                0x08006c60       0xa8 ./Drivers/STM32F4xx_HAL_Driver/Src/stm32f4xx_hal_spi.o
 .text.HAL_TIM_Base_Init
                0x08006d08       0x9e ./Drivers/STM32F4xx_HAL_Driver/Src/stm32f4xx_hal_tim.o
                0x08006d08                HAL_TIM_Base_Init
 .text.HAL_TIM_ConfigClockSource
                0x08006da6      0x18e ./Drivers/STM32F4xx_HAL_Driver/Src/stm32f4xx_hal_tim.o
                0x08006da6                HAL_TIM_ConfigClockSource
 .text.TIM_Base_SetConfig
                0x08006f34      0x158 ./Drivers/STM32F4xx_HAL_Driver/Src/stm32f4xx_hal_tim.o
                0x08006f34                TIM_Base_SetConfig
 .text.TIM_TI1_ConfigInputStage
                0x0800708c       0x5e ./Drivers/STM32F4xx_HAL_Driver/Src/stm32f4xx_hal_tim.o
 .text.TIM_TI2_ConfigInputStage
                0x080070ea       0x60 ./Drivers/STM32F4xx_HAL_Driver/Src/stm32f4xx_hal_tim.o
 .text.TIM_ITRx_SetConfig
                0x0800714a       0x36 ./Drivers/STM32F4xx_HAL_Driver/Src/stm32f4xx_hal_tim.o
 .text.TIM_ETR_SetConfig
                0x08007180       0x40 ./Drivers/STM32F4xx_HAL_Driver/Src/stm32f4xx_hal_tim.o
                0x08007180                TIM_ETR_SetConfig
 .text.HAL_TIMEx_MasterConfigSynchronization
                0x080071c0       0xf8 ./Drivers/STM32F4xx_HAL_Driver/Src/stm32f4xx_hal_tim_ex.o
                0x080071c0                HAL_TIMEx_MasterConfigSynchronization
 .text.std      0x080072b8       0x6c C:/ST/STM32CubeIDE_1.17.0/STM32CubeIDE/plugins/com.st.stm32cube.ide.mcu.externaltools.gnu-tools-for-stm32.12.3.rel1.win32_1.1.0.202410251130/tools/bin/../lib/gcc/arm-none-eabi/12.3.1/../../../../arm-none-eabi/lib/thumb/v7e-m+fp/hard\libc_nano.a(libc_a-findfp.o)
 .text.stdio_exit_handler
                0x08007324       0x18 C:/ST/STM32CubeIDE_1.17.0/STM32CubeIDE/plugins/com.st.stm32cube.ide.mcu.externaltools.gnu-tools-for-stm32.12.3.rel1.win32_1.1.0.202410251130/tools/bin/../lib/gcc/arm-none-eabi/12.3.1/../../../../arm-none-eabi/lib/thumb/v7e-m+fp/hard\libc_nano.a(libc_a-findfp.o)
 .text.cleanup_stdio
                0x0800733c       0x40 C:/ST/STM32CubeIDE_1.17.0/STM32CubeIDE/plugins/com.st.stm32cube.ide.mcu.externaltools.gnu-tools-for-stm32.12.3.rel1.win32_1.1.0.202410251130/tools/bin/../lib/gcc/arm-none-eabi/12.3.1/../../../../arm-none-eabi/lib/thumb/v7e-m+fp/hard\libc_nano.a(libc_a-findfp.o)
 .text.global_stdio_init.part.0
                0x0800737c       0x3c C:/ST/STM32CubeIDE_1.17.0/STM32CubeIDE/plugins/com.st.stm32cube.ide.mcu.externaltools.gnu-tools-for-stm32.12.3.rel1.win32_1.1.0.202410251130/tools/bin/../lib/gcc/arm-none-eabi/12.3.1/../../../../arm-none-eabi/lib/thumb/v7e-m+fp/hard\libc_nano.a(libc_a-findfp.o)
 .text.__sfp_lock_acquire
                0x080073b8        0xc C:/ST/STM32CubeIDE_1.17.0/STM32CubeIDE/plugins/com.st.stm32cube.ide.mcu.externaltools.gnu-tools-for-stm32.12.3.rel1.win32_1.1.0.202410251130/tools/bin/../lib/gcc/arm-none-eabi/12.3.1/../../../../arm-none-eabi/lib/thumb/v7e-m+fp/hard\libc_nano.a(libc_a-findfp.o)
                0x080073b8                __sfp_lock_acquire
 .text.__sfp_lock_release
                0x080073c4        0xc C:/ST/STM32CubeIDE_1.17.0/STM32CubeIDE/plugins/com.st.stm32cube.ide.mcu.externaltools.gnu-tools-for-stm32.12.3.rel1.win32_1.1.0.202410251130/tools/bin/../lib/gcc/arm-none-eabi/12.3.1/../../../../arm-none-eabi/lib/thumb/v7e-m+fp/hard\libc_nano.a(libc_a-findfp.o)
                0x080073c4                __sfp_lock_release
 .text.__sinit  0x080073d0       0x30 C:/ST/STM32CubeIDE_1.17.0/STM32CubeIDE/plugins/com.st.stm32cube.ide.mcu.externaltools.gnu-tools-for-stm32.12.3.rel1.win32_1.1.0.202410251130/tools/bin/../lib/gcc/arm-none-eabi/12.3.1/../../../../arm-none-eabi/lib/thumb/v7e-m+fp/hard\libc_nano.a(libc_a-findfp.o)
                0x080073d0                __sinit
 .text._fwalk_sglue
                0x08007400       0x3c C:/ST/STM32CubeIDE_1.17.0/STM32CubeIDE/plugins/com.st.stm32cube.ide.mcu.externaltools.gnu-tools-for-stm32.12.3.rel1.win32_1.1.0.202410251130/tools/bin/../lib/gcc/arm-none-eabi/12.3.1/../../../../arm-none-eabi/lib/thumb/v7e-m+fp/hard\libc_nano.a(libc_a-fwalk.o)
                0x08007400                _fwalk_sglue
 .text.printf   0x0800743c       0x24 C:/ST/STM32CubeIDE_1.17.0/STM32CubeIDE/plugins/com.st.stm32cube.ide.mcu.externaltools.gnu-tools-for-stm32.12.3.rel1.win32_1.1.0.202410251130/tools/bin/../lib/gcc/arm-none-eabi/12.3.1/../../../../arm-none-eabi/lib/thumb/v7e-m+fp/hard\libc_nano.a(libc_a-printf.o)
                0x0800743c                iprintf
                0x0800743c                printf
 .text._puts_r  0x08007460       0xaa C:/ST/STM32CubeIDE_1.17.0/STM32CubeIDE/plugins/com.st.stm32cube.ide.mcu.externaltools.gnu-tools-for-stm32.12.3.rel1.win32_1.1.0.202410251130/tools/bin/../lib/gcc/arm-none-eabi/12.3.1/../../../../arm-none-eabi/lib/thumb/v7e-m+fp/hard\libc_nano.a(libc_a-puts.o)
                0x08007460                _puts_r
 *fill*         0x0800750a        0x2 
 .text.puts     0x0800750c       0x10 C:/ST/STM32CubeIDE_1.17.0/STM32CubeIDE/plugins/com.st.stm32cube.ide.mcu.externaltools.gnu-tools-for-stm32.12.3.rel1.win32_1.1.0.202410251130/tools/bin/../lib/gcc/arm-none-eabi/12.3.1/../../../../arm-none-eabi/lib/thumb/v7e-m+fp/hard\libc_nano.a(libc_a-puts.o)
                0x0800750c                puts
 .text.__sread  0x0800751c       0x22 C:/ST/STM32CubeIDE_1.17.0/STM32CubeIDE/plugins/com.st.stm32cube.ide.mcu.externaltools.gnu-tools-for-stm32.12.3.rel1.win32_1.1.0.202410251130/tools/bin/../lib/gcc/arm-none-eabi/12.3.1/../../../../arm-none-eabi/lib/thumb/v7e-m+fp/hard\libc_nano.a(libc_a-stdio.o)
                0x0800751c                __sread
 .text.__swrite
                0x0800753e       0x38 C:/ST/STM32CubeIDE_1.17.0/STM32CubeIDE/plugins/com.st.stm32cube.ide.mcu.externaltools.gnu-tools-for-stm32.12.3.rel1.win32_1.1.0.202410251130/tools/bin/../lib/gcc/arm-none-eabi/12.3.1/../../../../arm-none-eabi/lib/thumb/v7e-m+fp/hard\libc_nano.a(libc_a-stdio.o)
                0x0800753e                __swrite
 .text.__sseek  0x08007576       0x24 C:/ST/STM32CubeIDE_1.17.0/STM32CubeIDE/plugins/com.st.stm32cube.ide.mcu.externaltools.gnu-tools-for-stm32.12.3.rel1.win32_1.1.0.202410251130/tools/bin/../lib/gcc/arm-none-eabi/12.3.1/../../../../arm-none-eabi/lib/thumb/v7e-m+fp/hard\libc_nano.a(libc_a-stdio.o)
                0x08007576                __sseek
 .text.__sclose
                0x0800759a        0x8 C:/ST/STM32CubeIDE_1.17.0/STM32CubeIDE/plugins/com.st.stm32cube.ide.mcu.externaltools.gnu-tools-for-stm32.12.3.rel1.win32_1.1.0.202410251130/tools/bin/../lib/gcc/arm-none-eabi/12.3.1/../../../../arm-none-eabi/lib/thumb/v7e-m+fp/hard\libc_nano.a(libc_a-stdio.o)
                0x0800759a                __sclose
 .text.__swbuf_r
                0x080075a2       0x7c C:/ST/STM32CubeIDE_1.17.0/STM32CubeIDE/plugins/com.st.stm32cube.ide.mcu.externaltools.gnu-tools-for-stm32.12.3.rel1.win32_1.1.0.202410251130/tools/bin/../lib/gcc/arm-none-eabi/12.3.1/../../../../arm-none-eabi/lib/thumb/v7e-m+fp/hard\libc_nano.a(libc_a-wbuf.o)
                0x080075a2                __swbuf_r
 *fill*         0x0800761e        0x2 
 .text.__swsetup_r
                0x08007620       0xac C:/ST/STM32CubeIDE_1.17.0/STM32CubeIDE/plugins/com.st.stm32cube.ide.mcu.externaltools.gnu-tools-for-stm32.12.3.rel1.win32_1.1.0.202410251130/tools/bin/../lib/gcc/arm-none-eabi/12.3.1/../../../../arm-none-eabi/lib/thumb/v7e-m+fp/hard\libc_nano.a(libc_a-wsetup.o)
                0x08007620                __swsetup_r
 .text.memset   0x080076cc       0x10 C:/ST/STM32CubeIDE_1.17.0/STM32CubeIDE/plugins/com.st.stm32cube.ide.mcu.externaltools.gnu-tools-for-stm32.12.3.rel1.win32_1.1.0.202410251130/tools/bin/../lib/gcc/arm-none-eabi/12.3.1/../../../../arm-none-eabi/lib/thumb/v7e-m+fp/hard\libc_nano.a(libc_a-memset.o)
                0x080076cc                memset
 .text._close_r
                0x080076dc       0x20 C:/ST/STM32CubeIDE_1.17.0/STM32CubeIDE/plugins/com.st.stm32cube.ide.mcu.externaltools.gnu-tools-for-stm32.12.3.rel1.win32_1.1.0.202410251130/tools/bin/../lib/gcc/arm-none-eabi/12.3.1/../../../../arm-none-eabi/lib/thumb/v7e-m+fp/hard\libc_nano.a(libc_a-closer.o)
                0x080076dc                _close_r
 .text._lseek_r
                0x080076fc       0x24 C:/ST/STM32CubeIDE_1.17.0/STM32CubeIDE/plugins/com.st.stm32cube.ide.mcu.externaltools.gnu-tools-for-stm32.12.3.rel1.win32_1.1.0.202410251130/tools/bin/../lib/gcc/arm-none-eabi/12.3.1/../../../../arm-none-eabi/lib/thumb/v7e-m+fp/hard\libc_nano.a(libc_a-lseekr.o)
                0x080076fc                _lseek_r
 .text._read_r  0x08007720       0x24 C:/ST/STM32CubeIDE_1.17.0/STM32CubeIDE/plugins/com.st.stm32cube.ide.mcu.externaltools.gnu-tools-for-stm32.12.3.rel1.win32_1.1.0.202410251130/tools/bin/../lib/gcc/arm-none-eabi/12.3.1/../../../../arm-none-eabi/lib/thumb/v7e-m+fp/hard\libc_nano.a(libc_a-readr.o)
                0x08007720                _read_r
 .text._write_r
                0x08007744       0x24 C:/ST/STM32CubeIDE_1.17.0/STM32CubeIDE/plugins/com.st.stm32cube.ide.mcu.externaltools.gnu-tools-for-stm32.12.3.rel1.win32_1.1.0.202410251130/tools/bin/../lib/gcc/arm-none-eabi/12.3.1/../../../../arm-none-eabi/lib/thumb/v7e-m+fp/hard\libc_nano.a(libc_a-writer.o)
                0x08007744                _write_r
 .text.__errno  0x08007768        0xc C:/ST/STM32CubeIDE_1.17.0/STM32CubeIDE/plugins/com.st.stm32cube.ide.mcu.externaltools.gnu-tools-for-stm32.12.3.rel1.win32_1.1.0.202410251130/tools/bin/../lib/gcc/arm-none-eabi/12.3.1/../../../../arm-none-eabi/lib/thumb/v7e-m+fp/hard\libc_nano.a(libc_a-errno.o)
                0x08007768                __errno
 .text.__libc_init_array
                0x08007774       0x48 C:/ST/STM32CubeIDE_1.17.0/STM32CubeIDE/plugins/com.st.stm32cube.ide.mcu.externaltools.gnu-tools-for-stm32.12.3.rel1.win32_1.1.0.202410251130/tools/bin/../lib/gcc/arm-none-eabi/12.3.1/../../../../arm-none-eabi/lib/thumb/v7e-m+fp/hard\libc_nano.a(libc_a-init.o)
                0x08007774                __libc_init_array
 .text.__retarget_lock_init_recursive
                0x080077bc        0x2 C:/ST/STM32CubeIDE_1.17.0/STM32CubeIDE/plugins/com.st.stm32cube.ide.mcu.externaltools.gnu-tools-for-stm32.12.3.rel1.win32_1.1.0.202410251130/tools/bin/../lib/gcc/arm-none-eabi/12.3.1/../../../../arm-none-eabi/lib/thumb/v7e-m+fp/hard\libc_nano.a(libc_a-lock.o)
                0x080077bc                __retarget_lock_init_recursive
 .text.__retarget_lock_acquire_recursive
                0x080077be        0x2 C:/ST/STM32CubeIDE_1.17.0/STM32CubeIDE/plugins/com.st.stm32cube.ide.mcu.externaltools.gnu-tools-for-stm32.12.3.rel1.win32_1.1.0.202410251130/tools/bin/../lib/gcc/arm-none-eabi/12.3.1/../../../../arm-none-eabi/lib/thumb/v7e-m+fp/hard\libc_nano.a(libc_a-lock.o)
                0x080077be                __retarget_lock_acquire_recursive
 .text.__retarget_lock_release_recursive
                0x080077c0        0x2 C:/ST/STM32CubeIDE_1.17.0/STM32CubeIDE/plugins/com.st.stm32cube.ide.mcu.externaltools.gnu-tools-for-stm32.12.3.rel1.win32_1.1.0.202410251130/tools/bin/../lib/gcc/arm-none-eabi/12.3.1/../../../../arm-none-eabi/lib/thumb/v7e-m+fp/hard\libc_nano.a(libc_a-lock.o)
                0x080077c0                __retarget_lock_release_recursive
 *fill*         0x080077c2        0x2 
 .text._free_r  0x080077c4       0x94 C:/ST/STM32CubeIDE_1.17.0/STM32CubeIDE/plugins/com.st.stm32cube.ide.mcu.externaltools.gnu-tools-for-stm32.12.3.rel1.win32_1.1.0.202410251130/tools/bin/../lib/gcc/arm-none-eabi/12.3.1/../../../../arm-none-eabi/lib/thumb/v7e-m+fp/hard\libc_nano.a(libc_a-freer.o)
                0x080077c4                _free_r
 .text.sbrk_aligned
                0x08007858       0x44 C:/ST/STM32CubeIDE_1.17.0/STM32CubeIDE/plugins/com.st.stm32cube.ide.mcu.externaltools.gnu-tools-for-stm32.12.3.rel1.win32_1.1.0.202410251130/tools/bin/../lib/gcc/arm-none-eabi/12.3.1/../../../../arm-none-eabi/lib/thumb/v7e-m+fp/hard\libc_nano.a(libc_a-mallocr.o)
 .text._malloc_r
                0x0800789c      0x100 C:/ST/STM32CubeIDE_1.17.0/STM32CubeIDE/plugins/com.st.stm32cube.ide.mcu.externaltools.gnu-tools-for-stm32.12.3.rel1.win32_1.1.0.202410251130/tools/bin/../lib/gcc/arm-none-eabi/12.3.1/../../../../arm-none-eabi/lib/thumb/v7e-m+fp/hard\libc_nano.a(libc_a-mallocr.o)
                0x0800789c                _malloc_r
 .text.__malloc_lock
                0x0800799c        0xc C:/ST/STM32CubeIDE_1.17.0/STM32CubeIDE/plugins/com.st.stm32cube.ide.mcu.externaltools.gnu-tools-for-stm32.12.3.rel1.win32_1.1.0.202410251130/tools/bin/../lib/gcc/arm-none-eabi/12.3.1/../../../../arm-none-eabi/lib/thumb/v7e-m+fp/hard\libc_nano.a(libc_a-mlock.o)
                0x0800799c                __malloc_lock
 .text.__malloc_unlock
                0x080079a8        0xc C:/ST/STM32CubeIDE_1.17.0/STM32CubeIDE/plugins/com.st.stm32cube.ide.mcu.externaltools.gnu-tools-for-stm32.12.3.rel1.win32_1.1.0.202410251130/tools/bin/../lib/gcc/arm-none-eabi/12.3.1/../../../../arm-none-eabi/lib/thumb/v7e-m+fp/hard\libc_nano.a(libc_a-mlock.o)
                0x080079a8                __malloc_unlock
 .text.__sfputc_r
                0x080079b4       0x2e C:/ST/STM32CubeIDE_1.17.0/STM32CubeIDE/plugins/com.st.stm32cube.ide.mcu.externaltools.gnu-tools-for-stm32.12.3.rel1.win32_1.1.0.202410251130/tools/bin/../lib/gcc/arm-none-eabi/12.3.1/../../../../arm-none-eabi/lib/thumb/v7e-m+fp/hard\libc_nano.a(libc_a-nano-vfprintf.o)
 .text.__sfputs_r
                0x080079e2       0x24 C:/ST/STM32CubeIDE_1.17.0/STM32CubeIDE/plugins/com.st.stm32cube.ide.mcu.externaltools.gnu-tools-for-stm32.12.3.rel1.win32_1.1.0.202410251130/tools/bin/../lib/gcc/arm-none-eabi/12.3.1/../../../../arm-none-eabi/lib/thumb/v7e-m+fp/hard\libc_nano.a(libc_a-nano-vfprintf.o)
                0x080079e2                __sfputs_r
 *fill*         0x08007a06        0x2 
 .text._vfprintf_r
                0x08007a08      0x230 C:/ST/STM32CubeIDE_1.17.0/STM32CubeIDE/plugins/com.st.stm32cube.ide.mcu.externaltools.gnu-tools-for-stm32.12.3.rel1.win32_1.1.0.202410251130/tools/bin/../lib/gcc/arm-none-eabi/12.3.1/../../../../arm-none-eabi/lib/thumb/v7e-m+fp/hard\libc_nano.a(libc_a-nano-vfprintf.o)
                0x08007a08                _vfprintf_r
                0x08007a08                _vfiprintf_r
 .text._printf_common
                0x08007c38       0xda C:/ST/STM32CubeIDE_1.17.0/STM32CubeIDE/plugins/com.st.stm32cube.ide.mcu.externaltools.gnu-tools-for-stm32.12.3.rel1.win32_1.1.0.202410251130/tools/bin/../lib/gcc/arm-none-eabi/12.3.1/../../../../arm-none-eabi/lib/thumb/v7e-m+fp/hard\libc_nano.a(libc_a-nano-vfprintf_i.o)
                0x08007c38                _printf_common
 *fill*         0x08007d12        0x2 
 .text._printf_i
                0x08007d14      0x240 C:/ST/STM32CubeIDE_1.17.0/STM32CubeIDE/plugins/com.st.stm32cube.ide.mcu.externaltools.gnu-tools-for-stm32.12.3.rel1.win32_1.1.0.202410251130/tools/bin/../lib/gcc/arm-none-eabi/12.3.1/../../../../arm-none-eabi/lib/thumb/v7e-m+fp/hard\libc_nano.a(libc_a-nano-vfprintf_i.o)
                0x08007d14                _printf_i
 .text.__sflush_r
                0x08007f54      0x108 C:/ST/STM32CubeIDE_1.17.0/STM32CubeIDE/plugins/com.st.stm32cube.ide.mcu.externaltools.gnu-tools-for-stm32.12.3.rel1.win32_1.1.0.202410251130/tools/bin/../lib/gcc/arm-none-eabi/12.3.1/../../../../arm-none-eabi/lib/thumb/v7e-m+fp/hard\libc_nano.a(libc_a-fflush.o)
                0x08007f54                __sflush_r
 .text._fflush_r
                0x0800805c       0x50 C:/ST/STM32CubeIDE_1.17.0/STM32CubeIDE/plugins/com.st.stm32cube.ide.mcu.externaltools.gnu-tools-for-stm32.12.3.rel1.win32_1.1.0.202410251130/tools/bin/../lib/gcc/arm-none-eabi/12.3.1/../../../../arm-none-eabi/lib/thumb/v7e-m+fp/hard\libc_nano.a(libc_a-fflush.o)
                0x0800805c                _fflush_r
 .text.__swhatbuf_r
                0x080080ac       0x4c C:/ST/STM32CubeIDE_1.17.0/STM32CubeIDE/plugins/com.st.stm32cube.ide.mcu.externaltools.gnu-tools-for-stm32.12.3.rel1.win32_1.1.0.202410251130/tools/bin/../lib/gcc/arm-none-eabi/12.3.1/../../../../arm-none-eabi/lib/thumb/v7e-m+fp/hard\libc_nano.a(libc_a-makebuf.o)
                0x080080ac                __swhatbuf_r
 .text.__smakebuf_r
                0x080080f8       0x78 C:/ST/STM32CubeIDE_1.17.0/STM32CubeIDE/plugins/com.st.stm32cube.ide.mcu.externaltools.gnu-tools-for-stm32.12.3.rel1.win32_1.1.0.202410251130/tools/bin/../lib/gcc/arm-none-eabi/12.3.1/../../../../arm-none-eabi/lib/thumb/v7e-m+fp/hard\libc_nano.a(libc_a-makebuf.o)
                0x080080f8                __smakebuf_r
 .text._fstat_r
                0x08008170       0x24 C:/ST/STM32CubeIDE_1.17.0/STM32CubeIDE/plugins/com.st.stm32cube.ide.mcu.externaltools.gnu-tools-for-stm32.12.3.rel1.win32_1.1.0.202410251130/tools/bin/../lib/gcc/arm-none-eabi/12.3.1/../../../../arm-none-eabi/lib/thumb/v7e-m+fp/hard\libc_nano.a(libc_a-fstatr.o)
                0x08008170                _fstat_r
 .text._isatty_r
                0x08008194       0x20 C:/ST/STM32CubeIDE_1.17.0/STM32CubeIDE/plugins/com.st.stm32cube.ide.mcu.externaltools.gnu-tools-for-stm32.12.3.rel1.win32_1.1.0.202410251130/tools/bin/../lib/gcc/arm-none-eabi/12.3.1/../../../../arm-none-eabi/lib/thumb/v7e-m+fp/hard\libc_nano.a(libc_a-isattyr.o)
                0x08008194                _isatty_r
 .text._sbrk_r  0x080081b4       0x20 C:/ST/STM32CubeIDE_1.17.0/STM32CubeIDE/plugins/com.st.stm32cube.ide.mcu.externaltools.gnu-tools-for-stm32.12.3.rel1.win32_1.1.0.202410251130/tools/bin/../lib/gcc/arm-none-eabi/12.3.1/../../../../arm-none-eabi/lib/thumb/v7e-m+fp/hard\libc_nano.a(libc_a-sbrkr.o)
                0x080081b4                _sbrk_r
 *(.glue_7)
 .glue_7        0x080081d4        0x0 linker stubs
 *(.glue_7t)
 .glue_7t       0x080081d4        0x0 linker stubs
 *(.eh_frame)
 .eh_frame      0x080081d4        0x0 C:/ST/STM32CubeIDE_1.17.0/STM32CubeIDE/plugins/com.st.stm32cube.ide.mcu.externaltools.gnu-tools-for-stm32.12.3.rel1.win32_1.1.0.202410251130/tools/bin/../lib/gcc/arm-none-eabi/12.3.1/thumb/v7e-m+fp/hard/crtbegin.o
 *(.init)
 .init          0x080081d4        0x4 C:/ST/STM32CubeIDE_1.17.0/STM32CubeIDE/plugins/com.st.stm32cube.ide.mcu.externaltools.gnu-tools-for-stm32.12.3.rel1.win32_1.1.0.202410251130/tools/bin/../lib/gcc/arm-none-eabi/12.3.1/thumb/v7e-m+fp/hard/crti.o
                0x080081d4                _init
 .init          0x080081d8        0x8 C:/ST/STM32CubeIDE_1.17.0/STM32CubeIDE/plugins/com.st.stm32cube.ide.mcu.externaltools.gnu-tools-for-stm32.12.3.rel1.win32_1.1.0.202410251130/tools/bin/../lib/gcc/arm-none-eabi/12.3.1/thumb/v7e-m+fp/hard/crtn.o
 *(.fini)
 .fini          0x080081e0        0x4 C:/ST/STM32CubeIDE_1.17.0/STM32CubeIDE/plugins/com.st.stm32cube.ide.mcu.externaltools.gnu-tools-for-stm32.12.3.rel1.win32_1.1.0.202410251130/tools/bin/../lib/gcc/arm-none-eabi/12.3.1/thumb/v7e-m+fp/hard/crti.o
                0x080081e0                _fini
 .fini          0x080081e4        0x8 C:/ST/STM32CubeIDE_1.17.0/STM32CubeIDE/plugins/com.st.stm32cube.ide.mcu.externaltools.gnu-tools-for-stm32.12.3.rel1.win32_1.1.0.202410251130/tools/bin/../lib/gcc/arm-none-eabi/12.3.1/thumb/v7e-m+fp/hard/crtn.o
                0x080081ec                        . = ALIGN (0x4)
                0x080081ec                        _etext = .

.vfp11_veneer   0x080081ec        0x0
 .vfp11_veneer  0x080081ec        0x0 linker stubs

.v4_bx          0x080081ec        0x0
 .v4_bx         0x080081ec        0x0 linker stubs

.iplt           0x080081ec        0x0
 .iplt          0x080081ec        0x0 C:/ST/STM32CubeIDE_1.17.0/STM32CubeIDE/plugins/com.st.stm32cube.ide.mcu.externaltools.gnu-tools-for-stm32.12.3.rel1.win32_1.1.0.202410251130/tools/bin/../lib/gcc/arm-none-eabi/12.3.1/thumb/v7e-m+fp/hard/crtbegin.o

.rodata         0x080081ec     0x1240
                0x080081ec                        . = ALIGN (0x4)
 *(.rodata)
 .rodata        0x080081ec       0x21 ./Core/Src/ApplicationCode.o
 *(.rodata*)
 *fill*         0x0800820d        0x3 
 .rodata.ASCII16x24_Table
                0x08008210     0x11d0 ./Core/Src/fonts.o
                0x08008210                ASCII16x24_Table
 .rodata.AHBPrescTable
                0x080093e0       0x10 ./Core/Src/system_stm32f4xx.o
                0x080093e0                AHBPrescTable
 .rodata.APBPrescTable
                0x080093f0        0x8 ./Core/Src/system_stm32f4xx.o
                0x080093f0                APBPrescTable
 .rodata._vfprintf_r.str1.1
                0x080093f8       0x11 C:/ST/STM32CubeIDE_1.17.0/STM32CubeIDE/plugins/com.st.stm32cube.ide.mcu.externaltools.gnu-tools-for-stm32.12.3.rel1.win32_1.1.0.202410251130/tools/bin/../lib/gcc/arm-none-eabi/12.3.1/../../../../arm-none-eabi/lib/thumb/v7e-m+fp/hard\libc_nano.a(libc_a-nano-vfprintf.o)
 .rodata._printf_i.str1.1
                0x08009409       0x22 C:/ST/STM32CubeIDE_1.17.0/STM32CubeIDE/plugins/com.st.stm32cube.ide.mcu.externaltools.gnu-tools-for-stm32.12.3.rel1.win32_1.1.0.202410251130/tools/bin/../lib/gcc/arm-none-eabi/12.3.1/../../../../arm-none-eabi/lib/thumb/v7e-m+fp/hard\libc_nano.a(libc_a-nano-vfprintf_i.o)
                0x0800942c                        . = ALIGN (0x4)
 *fill*         0x0800942b        0x1 

.ARM.extab      0x0800942c        0x0
                0x0800942c                        . = ALIGN (0x4)
 *(.ARM.extab* .gnu.linkonce.armextab.*)
                0x0800942c                        . = ALIGN (0x4)

.ARM            0x0800942c        0x8
                0x0800942c                        . = ALIGN (0x4)
                0x0800942c                        __exidx_start = .
 *(.ARM.exidx*)
 .ARM.exidx     0x0800942c        0x8 C:/ST/STM32CubeIDE_1.17.0/STM32CubeIDE/plugins/com.st.stm32cube.ide.mcu.externaltools.gnu-tools-for-stm32.12.3.rel1.win32_1.1.0.202410251130/tools/bin/../lib/gcc/arm-none-eabi/12.3.1/../../../../arm-none-eabi/lib/thumb/v7e-m+fp/hard\libc_nano.a(libc_a-memchr.o)
 .ARM.exidx     0x08009434        0x0 C:/ST/STM32CubeIDE_1.17.0/STM32CubeIDE/plugins/com.st.stm32cube.ide.mcu.externaltools.gnu-tools-for-stm32.12.3.rel1.win32_1.1.0.202410251130/tools/bin/../lib/gcc/arm-none-eabi/12.3.1/thumb/v7e-m+fp/hard\libgcc.a(_udivmoddi4.o)
                                  0x8 (size before relaxing)
                0x08009434                        __exidx_end = .
                0x08009434                        . = ALIGN (0x4)

.preinit_array  0x08009434        0x0
                0x08009434                        . = ALIGN (0x4)
                0x08009434                        PROVIDE (__preinit_array_start = .)
 *(.preinit_array*)
                0x08009434                        PROVIDE (__preinit_array_end = .)
                0x08009434                        . = ALIGN (0x4)

.init_array     0x08009434        0x4
                0x08009434                        . = ALIGN (0x4)
                0x08009434                        PROVIDE (__init_array_start = .)
 *(SORT_BY_NAME(.init_array.*))
 *(.init_array*)
 .init_array    0x08009434        0x4 C:/ST/STM32CubeIDE_1.17.0/STM32CubeIDE/plugins/com.st.stm32cube.ide.mcu.externaltools.gnu-tools-for-stm32.12.3.rel1.win32_1.1.0.202410251130/tools/bin/../lib/gcc/arm-none-eabi/12.3.1/thumb/v7e-m+fp/hard/crtbegin.o
                0x08009438                        PROVIDE (__init_array_end = .)
                0x08009438                        . = ALIGN (0x4)

.fini_array     0x08009438        0x4
                0x08009438                        . = ALIGN (0x4)
                [!provide]                        PROVIDE (__fini_array_start = .)
 *(SORT_BY_NAME(.fini_array.*))
 *(.fini_array*)
 .fini_array    0x08009438        0x4 C:/ST/STM32CubeIDE_1.17.0/STM32CubeIDE/plugins/com.st.stm32cube.ide.mcu.externaltools.gnu-tools-for-stm32.12.3.rel1.win32_1.1.0.202410251130/tools/bin/../lib/gcc/arm-none-eabi/12.3.1/thumb/v7e-m+fp/hard/crtbegin.o
                [!provide]                        PROVIDE (__fini_array_end = .)
                0x0800943c                        . = ALIGN (0x4)
                0x0800943c                        _sidata = LOADADDR (.data)

.rel.dyn        0x0800943c        0x0
 .rel.iplt      0x0800943c        0x0 C:/ST/STM32CubeIDE_1.17.0/STM32CubeIDE/plugins/com.st.stm32cube.ide.mcu.externaltools.gnu-tools-for-stm32.12.3.rel1.win32_1.1.0.202410251130/tools/bin/../lib/gcc/arm-none-eabi/12.3.1/thumb/v7e-m+fp/hard/crtbegin.o

.data           0x20000000       0x7c load address 0x0800943c
                0x20000000                        . = ALIGN (0x4)
                0x20000000                        _sdata = .
 *(.data)
 *(.data*)
 .data.turn     0x20000000        0x4 ./Core/Src/ApplicationCode.o
                0x20000000                turn
 .data.CurrentTextColor
                0x20000004        0x2 ./Core/Src/LCD_Driver.o
 *fill*         0x20000006        0x2 
 .data.Font16x24
                0x20000008        0x8 ./Core/Src/fonts.o
                0x20000008                Font16x24
 .data.SpiTimeout
                0x20000010        0x4 ./Core/Src/ili9341.o
                0x20000010                SpiTimeout
 .data.SystemCoreClock
                0x20000014        0x4 ./Core/Src/system_stm32f4xx.o
                0x20000014                SystemCoreClock
 .data.uwTickPrio
                0x20000018        0x4 ./Drivers/STM32F4xx_HAL_Driver/Src/stm32f4xx_hal.o
                0x20000018                uwTickPrio
 .data.uwTickFreq
                0x2000001c        0x1 ./Drivers/STM32F4xx_HAL_Driver/Src/stm32f4xx_hal.o
                0x2000001c                uwTickFreq
 *fill*         0x2000001d        0x3 
 .data.__sglue  0x20000020        0xc C:/ST/STM32CubeIDE_1.17.0/STM32CubeIDE/plugins/com.st.stm32cube.ide.mcu.externaltools.gnu-tools-for-stm32.12.3.rel1.win32_1.1.0.202410251130/tools/bin/../lib/gcc/arm-none-eabi/12.3.1/../../../../arm-none-eabi/lib/thumb/v7e-m+fp/hard\libc_nano.a(libc_a-findfp.o)
                0x20000020                __sglue
 .data._impure_ptr
                0x2000002c        0x4 C:/ST/STM32CubeIDE_1.17.0/STM32CubeIDE/plugins/com.st.stm32cube.ide.mcu.externaltools.gnu-tools-for-stm32.12.3.rel1.win32_1.1.0.202410251130/tools/bin/../lib/gcc/arm-none-eabi/12.3.1/../../../../arm-none-eabi/lib/thumb/v7e-m+fp/hard\libc_nano.a(libc_a-impure.o)
                0x2000002c                _impure_ptr
 .data._impure_data
                0x20000030       0x4c C:/ST/STM32CubeIDE_1.17.0/STM32CubeIDE/plugins/com.st.stm32cube.ide.mcu.externaltools.gnu-tools-for-stm32.12.3.rel1.win32_1.1.0.202410251130/tools/bin/../lib/gcc/arm-none-eabi/12.3.1/../../../../arm-none-eabi/lib/thumb/v7e-m+fp/hard\libc_nano.a(libc_a-impure.o)
                0x20000030                _impure_data
 *(.RamFunc)
 *(.RamFunc*)
                0x2000007c                        . = ALIGN (0x4)
                0x2000007c                        _edata = .
                0x080094b8                        _siccmram = LOADADDR (.ccmram)

.igot.plt       0x2000007c        0x0 load address 0x080094b8
 .igot.plt      0x2000007c        0x0 C:/ST/STM32CubeIDE_1.17.0/STM32CubeIDE/plugins/com.st.stm32cube.ide.mcu.externaltools.gnu-tools-for-stm32.12.3.rel1.win32_1.1.0.202410251130/tools/bin/../lib/gcc/arm-none-eabi/12.3.1/thumb/v7e-m+fp/hard/crtbegin.o

.ccmram         0x10000000        0x0 load address 0x080094b8
                0x10000000                        . = ALIGN (0x4)
                0x10000000                        _sccmram = .
 *(.ccmram)
 *(.ccmram*)
                0x10000000                        . = ALIGN (0x4)
                0x10000000                        _eccmram = .
                0x10000000                        . = ALIGN (0x4)

.bss            0x2000007c    0x25d74
                0x2000007c                        _sbss = .
                0x2000007c                        __bss_start__ = _sbss
 *(.bss)
 .bss           0x2000007c       0x1c C:/ST/STM32CubeIDE_1.17.0/STM32CubeIDE/plugins/com.st.stm32cube.ide.mcu.externaltools.gnu-tools-for-stm32.12.3.rel1.win32_1.1.0.202410251130/tools/bin/../lib/gcc/arm-none-eabi/12.3.1/thumb/v7e-m+fp/hard/crtbegin.o
 *(.bss*)
 .bss.StaticTouchData
                0x20000098        0x8 ./Core/Src/ApplicationCode.o
 .bss.board     0x200000a0       0xa8 ./Core/Src/ApplicationCode.o
                0x200000a0                board
 .bss.position  0x20000148        0x4 ./Core/Src/ApplicationCode.o
                0x20000148                position
 .bss.mode      0x2000014c        0x4 ./Core/Src/ApplicationCode.o
                0x2000014c                mode
 .bss.hltdc     0x20000150       0xa8 ./Core/Src/LCD_Driver.o
 .bss.PeriphClkInitStruct
                0x200001f8       0x30 ./Core/Src/LCD_Driver.o
 .bss.LCD_Currentfonts
                0x20000228        0x4 ./Core/Src/LCD_Driver.o
 .bss.frameBuffer
                0x2000022c    0x25800 ./Core/Src/LCD_Driver.o
                0x2000022c                frameBuffer
 .bss.hrng1     0x20025a2c       0x10 ./Core/Src/RNG_Driver.o
                0x20025a2c                hrng1
 .bss.SpiHandle
                0x20025a3c       0x58 ./Core/Src/ili9341.o
 .bss.Is_LCD_IO_Initialized
                0x20025a94        0x1 ./Core/Src/ili9341.o
 *fill*         0x20025a95        0x3 
 .bss.hi2c3     0x20025a98       0x54 ./Core/Src/main.o
                0x20025a98                hi2c3
 .bss.hltdc     0x20025aec       0xa8 ./Core/Src/main.o
                0x20025aec                hltdc
 .bss.hrng      0x20025b94       0x10 ./Core/Src/main.o
                0x20025b94                hrng
 .bss.hspi5     0x20025ba4       0x58 ./Core/Src/main.o
                0x20025ba4                hspi5
 .bss.htim2     0x20025bfc       0x48 ./Core/Src/main.o
                0x20025bfc                htim2
 .bss.hI2C3     0x20025c44       0x54 ./Core/Src/stmpe811.o
 .bss.HAL_status
                0x20025c98        0x1 ./Core/Src/stmpe811.o
 *fill*         0x20025c99        0x3 
 .bss.__sbrk_heap_end
                0x20025c9c        0x4 ./Core/Src/sysmem.o
 .bss.uwTick    0x20025ca0        0x4 ./Drivers/STM32F4xx_HAL_Driver/Src/stm32f4xx_hal.o
                0x20025ca0                uwTick
 .bss.__sf      0x20025ca4      0x138 C:/ST/STM32CubeIDE_1.17.0/STM32CubeIDE/plugins/com.st.stm32cube.ide.mcu.externaltools.gnu-tools-for-stm32.12.3.rel1.win32_1.1.0.202410251130/tools/bin/../lib/gcc/arm-none-eabi/12.3.1/../../../../arm-none-eabi/lib/thumb/v7e-m+fp/hard\libc_nano.a(libc_a-findfp.o)
                0x20025ca4                __sf
 .bss.__stdio_exit_handler
                0x20025ddc        0x4 C:/ST/STM32CubeIDE_1.17.0/STM32CubeIDE/plugins/com.st.stm32cube.ide.mcu.externaltools.gnu-tools-for-stm32.12.3.rel1.win32_1.1.0.202410251130/tools/bin/../lib/gcc/arm-none-eabi/12.3.1/../../../../arm-none-eabi/lib/thumb/v7e-m+fp/hard\libc_nano.a(libc_a-findfp.o)
                0x20025ddc                __stdio_exit_handler
 .bss.errno     0x20025de0        0x4 C:/ST/STM32CubeIDE_1.17.0/STM32CubeIDE/plugins/com.st.stm32cube.ide.mcu.externaltools.gnu-tools-for-stm32.12.3.rel1.win32_1.1.0.202410251130/tools/bin/../lib/gcc/arm-none-eabi/12.3.1/../../../../arm-none-eabi/lib/thumb/v7e-m+fp/hard\libc_nano.a(libc_a-reent.o)
                0x20025de0                errno
 .bss.__lock___malloc_recursive_mutex
                0x20025de4        0x1 C:/ST/STM32CubeIDE_1.17.0/STM32CubeIDE/plugins/com.st.stm32cube.ide.mcu.externaltools.gnu-tools-for-stm32.12.3.rel1.win32_1.1.0.202410251130/tools/bin/../lib/gcc/arm-none-eabi/12.3.1/../../../../arm-none-eabi/lib/thumb/v7e-m+fp/hard\libc_nano.a(libc_a-lock.o)
                0x20025de4                __lock___malloc_recursive_mutex
 .bss.__lock___sfp_recursive_mutex
                0x20025de5        0x1 C:/ST/STM32CubeIDE_1.17.0/STM32CubeIDE/plugins/com.st.stm32cube.ide.mcu.externaltools.gnu-tools-for-stm32.12.3.rel1.win32_1.1.0.202410251130/tools/bin/../lib/gcc/arm-none-eabi/12.3.1/../../../../arm-none-eabi/lib/thumb/v7e-m+fp/hard\libc_nano.a(libc_a-lock.o)
                0x20025de5                __lock___sfp_recursive_mutex
 *fill*         0x20025de6        0x2 
 .bss.__malloc_sbrk_start
                0x20025de8        0x4 C:/ST/STM32CubeIDE_1.17.0/STM32CubeIDE/plugins/com.st.stm32cube.ide.mcu.externaltools.gnu-tools-for-stm32.12.3.rel1.win32_1.1.0.202410251130/tools/bin/../lib/gcc/arm-none-eabi/12.3.1/../../../../arm-none-eabi/lib/thumb/v7e-m+fp/hard\libc_nano.a(libc_a-mallocr.o)
                0x20025de8                __malloc_sbrk_start
 .bss.__malloc_free_list
                0x20025dec        0x4 C:/ST/STM32CubeIDE_1.17.0/STM32CubeIDE/plugins/com.st.stm32cube.ide.mcu.externaltools.gnu-tools-for-stm32.12.3.rel1.win32_1.1.0.202410251130/tools/bin/../lib/gcc/arm-none-eabi/12.3.1/../../../../arm-none-eabi/lib/thumb/v7e-m+fp/hard\libc_nano.a(libc_a-mallocr.o)
                0x20025dec                __malloc_free_list
 *(COMMON)
                0x20025df0                        . = ALIGN (0x4)
                0x20025df0                        _ebss = .
                0x20025df0                        __bss_end__ = _ebss

._user_heap_stack
                0x20025df0      0x600
                0x20025df0                        . = ALIGN (0x8)
                [!provide]                        PROVIDE (end = .)
                0x20025df0                        PROVIDE (_end = .)
                0x20025ff0                        . = (. + _Min_Heap_Size)
 *fill*         0x20025df0      0x200 
                0x200263f0                        . = (. + _Min_Stack_Size)
 *fill*         0x20025ff0      0x400 
                0x200263f0                        . = ALIGN (0x8)

/DISCARD/
 libc.a(*)
 libm.a(*)
 libgcc.a(*)

.ARM.attributes
                0x00000000       0x30
 *(.ARM.attributes)
 .ARM.attributes
                0x00000000       0x22 C:/ST/STM32CubeIDE_1.17.0/STM32CubeIDE/plugins/com.st.stm32cube.ide.mcu.externaltools.gnu-tools-for-stm32.12.3.rel1.win32_1.1.0.202410251130/tools/bin/../lib/gcc/arm-none-eabi/12.3.1/thumb/v7e-m+fp/hard/crti.o
 .ARM.attributes
                0x00000022       0x34 C:/ST/STM32CubeIDE_1.17.0/STM32CubeIDE/plugins/com.st.stm32cube.ide.mcu.externaltools.gnu-tools-for-stm32.12.3.rel1.win32_1.1.0.202410251130/tools/bin/../lib/gcc/arm-none-eabi/12.3.1/thumb/v7e-m+fp/hard/crtbegin.o
 .ARM.attributes
                0x00000056       0x34 ./Core/Src/ApplicationCode.o
 .ARM.attributes
                0x0000008a       0x34 ./Core/Src/Button_Driver.o
 .ARM.attributes
                0x000000be       0x34 ./Core/Src/LCD_Driver.o
 .ARM.attributes
                0x000000f2       0x34 ./Core/Src/RNG_Driver.o
 .ARM.attributes
                0x00000126       0x34 ./Core/Src/fonts.o
 .ARM.attributes
                0x0000015a       0x34 ./Core/Src/ili9341.o
 .ARM.attributes
                0x0000018e       0x34 ./Core/Src/main.o
 .ARM.attributes
                0x000001c2       0x34 ./Core/Src/stm32f4xx_hal_msp.o
 .ARM.attributes
                0x000001f6       0x34 ./Core/Src/stm32f4xx_it.o
 .ARM.attributes
                0x0000022a       0x34 ./Core/Src/stmpe811.o
 .ARM.attributes
                0x0000025e       0x34 ./Core/Src/syscalls.o
 .ARM.attributes
                0x00000292       0x34 ./Core/Src/sysmem.o
 .ARM.attributes
                0x000002c6       0x34 ./Core/Src/system_stm32f4xx.o
 .ARM.attributes
                0x000002fa       0x21 ./Core/Startup/startup_stm32f429zitx.o
 .ARM.attributes
                0x0000031b       0x34 ./Drivers/STM32F4xx_HAL_Driver/Src/stm32f4xx_hal.o
 .ARM.attributes
                0x0000034f       0x34 ./Drivers/STM32F4xx_HAL_Driver/Src/stm32f4xx_hal_cortex.o
 .ARM.attributes
                0x00000383       0x34 ./Drivers/STM32F4xx_HAL_Driver/Src/stm32f4xx_hal_exti.o
 .ARM.attributes
                0x000003b7       0x34 ./Drivers/STM32F4xx_HAL_Driver/Src/stm32f4xx_hal_gpio.o
 .ARM.attributes
                0x000003eb       0x34 ./Drivers/STM32F4xx_HAL_Driver/Src/stm32f4xx_hal_i2c.o
 .ARM.attributes
                0x0000041f       0x34 ./Drivers/STM32F4xx_HAL_Driver/Src/stm32f4xx_hal_i2c_ex.o
 .ARM.attributes
                0x00000453       0x34 ./Drivers/STM32F4xx_HAL_Driver/Src/stm32f4xx_hal_ltdc.o
 .ARM.attributes
                0x00000487       0x34 ./Drivers/STM32F4xx_HAL_Driver/Src/stm32f4xx_hal_rcc.o
 .ARM.attributes
                0x000004bb       0x34 ./Drivers/STM32F4xx_HAL_Driver/Src/stm32f4xx_hal_rcc_ex.o
 .ARM.attributes
                0x000004ef       0x34 ./Drivers/STM32F4xx_HAL_Driver/Src/stm32f4xx_hal_rng.o
 .ARM.attributes
                0x00000523       0x34 ./Drivers/STM32F4xx_HAL_Driver/Src/stm32f4xx_hal_spi.o
 .ARM.attributes
                0x00000557       0x34 ./Drivers/STM32F4xx_HAL_Driver/Src/stm32f4xx_hal_tim.o
 .ARM.attributes
                0x0000058b       0x34 ./Drivers/STM32F4xx_HAL_Driver/Src/stm32f4xx_hal_tim_ex.o
 .ARM.attributes
                0x000005bf       0x34 C:/ST/STM32CubeIDE_1.17.0/STM32CubeIDE/plugins/com.st.stm32cube.ide.mcu.externaltools.gnu-tools-for-stm32.12.3.rel1.win32_1.1.0.202410251130/tools/bin/../lib/gcc/arm-none-eabi/12.3.1/../../../../arm-none-eabi/lib/thumb/v7e-m+fp/hard\libc_nano.a(libc_a-findfp.o)
 .ARM.attributes
                0x000005f3       0x34 C:/ST/STM32CubeIDE_1.17.0/STM32CubeIDE/plugins/com.st.stm32cube.ide.mcu.externaltools.gnu-tools-for-stm32.12.3.rel1.win32_1.1.0.202410251130/tools/bin/../lib/gcc/arm-none-eabi/12.3.1/../../../../arm-none-eabi/lib/thumb/v7e-m+fp/hard\libc_nano.a(libc_a-fwalk.o)
 .ARM.attributes
                0x00000627       0x34 C:/ST/STM32CubeIDE_1.17.0/STM32CubeIDE/plugins/com.st.stm32cube.ide.mcu.externaltools.gnu-tools-for-stm32.12.3.rel1.win32_1.1.0.202410251130/tools/bin/../lib/gcc/arm-none-eabi/12.3.1/../../../../arm-none-eabi/lib/thumb/v7e-m+fp/hard\libc_nano.a(libc_a-printf.o)
 .ARM.attributes
                0x0000065b       0x34 C:/ST/STM32CubeIDE_1.17.0/STM32CubeIDE/plugins/com.st.stm32cube.ide.mcu.externaltools.gnu-tools-for-stm32.12.3.rel1.win32_1.1.0.202410251130/tools/bin/../lib/gcc/arm-none-eabi/12.3.1/../../../../arm-none-eabi/lib/thumb/v7e-m+fp/hard\libc_nano.a(libc_a-puts.o)
 .ARM.attributes
                0x0000068f       0x34 C:/ST/STM32CubeIDE_1.17.0/STM32CubeIDE/plugins/com.st.stm32cube.ide.mcu.externaltools.gnu-tools-for-stm32.12.3.rel1.win32_1.1.0.202410251130/tools/bin/../lib/gcc/arm-none-eabi/12.3.1/../../../../arm-none-eabi/lib/thumb/v7e-m+fp/hard\libc_nano.a(libc_a-stdio.o)
 .ARM.attributes
                0x000006c3       0x34 C:/ST/STM32CubeIDE_1.17.0/STM32CubeIDE/plugins/com.st.stm32cube.ide.mcu.externaltools.gnu-tools-for-stm32.12.3.rel1.win32_1.1.0.202410251130/tools/bin/../lib/gcc/arm-none-eabi/12.3.1/../../../../arm-none-eabi/lib/thumb/v7e-m+fp/hard\libc_nano.a(libc_a-wbuf.o)
 .ARM.attributes
                0x000006f7       0x34 C:/ST/STM32CubeIDE_1.17.0/STM32CubeIDE/plugins/com.st.stm32cube.ide.mcu.externaltools.gnu-tools-for-stm32.12.3.rel1.win32_1.1.0.202410251130/tools/bin/../lib/gcc/arm-none-eabi/12.3.1/../../../../arm-none-eabi/lib/thumb/v7e-m+fp/hard\libc_nano.a(libc_a-wsetup.o)
 .ARM.attributes
                0x0000072b       0x34 C:/ST/STM32CubeIDE_1.17.0/STM32CubeIDE/plugins/com.st.stm32cube.ide.mcu.externaltools.gnu-tools-for-stm32.12.3.rel1.win32_1.1.0.202410251130/tools/bin/../lib/gcc/arm-none-eabi/12.3.1/../../../../arm-none-eabi/lib/thumb/v7e-m+fp/hard\libc_nano.a(libc_a-memset.o)
 .ARM.attributes
                0x0000075f       0x34 C:/ST/STM32CubeIDE_1.17.0/STM32CubeIDE/plugins/com.st.stm32cube.ide.mcu.externaltools.gnu-tools-for-stm32.12.3.rel1.win32_1.1.0.202410251130/tools/bin/../lib/gcc/arm-none-eabi/12.3.1/../../../../arm-none-eabi/lib/thumb/v7e-m+fp/hard\libc_nano.a(libc_a-closer.o)
 .ARM.attributes
                0x00000793       0x34 C:/ST/STM32CubeIDE_1.17.0/STM32CubeIDE/plugins/com.st.stm32cube.ide.mcu.externaltools.gnu-tools-for-stm32.12.3.rel1.win32_1.1.0.202410251130/tools/bin/../lib/gcc/arm-none-eabi/12.3.1/../../../../arm-none-eabi/lib/thumb/v7e-m+fp/hard\libc_nano.a(libc_a-reent.o)
 .ARM.attributes
                0x000007c7       0x34 C:/ST/STM32CubeIDE_1.17.0/STM32CubeIDE/plugins/com.st.stm32cube.ide.mcu.externaltools.gnu-tools-for-stm32.12.3.rel1.win32_1.1.0.202410251130/tools/bin/../lib/gcc/arm-none-eabi/12.3.1/../../../../arm-none-eabi/lib/thumb/v7e-m+fp/hard\libc_nano.a(libc_a-impure.o)
 .ARM.attributes
                0x000007fb       0x34 C:/ST/STM32CubeIDE_1.17.0/STM32CubeIDE/plugins/com.st.stm32cube.ide.mcu.externaltools.gnu-tools-for-stm32.12.3.rel1.win32_1.1.0.202410251130/tools/bin/../lib/gcc/arm-none-eabi/12.3.1/../../../../arm-none-eabi/lib/thumb/v7e-m+fp/hard\libc_nano.a(libc_a-lseekr.o)
 .ARM.attributes
                0x0000082f       0x34 C:/ST/STM32CubeIDE_1.17.0/STM32CubeIDE/plugins/com.st.stm32cube.ide.mcu.externaltools.gnu-tools-for-stm32.12.3.rel1.win32_1.1.0.202410251130/tools/bin/../lib/gcc/arm-none-eabi/12.3.1/../../../../arm-none-eabi/lib/thumb/v7e-m+fp/hard\libc_nano.a(libc_a-readr.o)
 .ARM.attributes
                0x00000863       0x34 C:/ST/STM32CubeIDE_1.17.0/STM32CubeIDE/plugins/com.st.stm32cube.ide.mcu.externaltools.gnu-tools-for-stm32.12.3.rel1.win32_1.1.0.202410251130/tools/bin/../lib/gcc/arm-none-eabi/12.3.1/../../../../arm-none-eabi/lib/thumb/v7e-m+fp/hard\libc_nano.a(libc_a-writer.o)
 .ARM.attributes
                0x00000897       0x34 C:/ST/STM32CubeIDE_1.17.0/STM32CubeIDE/plugins/com.st.stm32cube.ide.mcu.externaltools.gnu-tools-for-stm32.12.3.rel1.win32_1.1.0.202410251130/tools/bin/../lib/gcc/arm-none-eabi/12.3.1/../../../../arm-none-eabi/lib/thumb/v7e-m+fp/hard\libc_nano.a(libc_a-errno.o)
 .ARM.attributes
                0x000008cb       0x34 C:/ST/STM32CubeIDE_1.17.0/STM32CubeIDE/plugins/com.st.stm32cube.ide.mcu.externaltools.gnu-tools-for-stm32.12.3.rel1.win32_1.1.0.202410251130/tools/bin/../lib/gcc/arm-none-eabi/12.3.1/../../../../arm-none-eabi/lib/thumb/v7e-m+fp/hard\libc_nano.a(libc_a-init.o)
 .ARM.attributes
                0x000008ff       0x34 C:/ST/STM32CubeIDE_1.17.0/STM32CubeIDE/plugins/com.st.stm32cube.ide.mcu.externaltools.gnu-tools-for-stm32.12.3.rel1.win32_1.1.0.202410251130/tools/bin/../lib/gcc/arm-none-eabi/12.3.1/../../../../arm-none-eabi/lib/thumb/v7e-m+fp/hard\libc_nano.a(libc_a-lock.o)
 .ARM.attributes
                0x00000933       0x34 C:/ST/STM32CubeIDE_1.17.0/STM32CubeIDE/plugins/com.st.stm32cube.ide.mcu.externaltools.gnu-tools-for-stm32.12.3.rel1.win32_1.1.0.202410251130/tools/bin/../lib/gcc/arm-none-eabi/12.3.1/../../../../arm-none-eabi/lib/thumb/v7e-m+fp/hard\libc_nano.a(libc_a-freer.o)
 .ARM.attributes
                0x00000967       0x34 C:/ST/STM32CubeIDE_1.17.0/STM32CubeIDE/plugins/com.st.stm32cube.ide.mcu.externaltools.gnu-tools-for-stm32.12.3.rel1.win32_1.1.0.202410251130/tools/bin/../lib/gcc/arm-none-eabi/12.3.1/../../../../arm-none-eabi/lib/thumb/v7e-m+fp/hard\libc_nano.a(libc_a-mallocr.o)
 .ARM.attributes
                0x0000099b       0x34 C:/ST/STM32CubeIDE_1.17.0/STM32CubeIDE/plugins/com.st.stm32cube.ide.mcu.externaltools.gnu-tools-for-stm32.12.3.rel1.win32_1.1.0.202410251130/tools/bin/../lib/gcc/arm-none-eabi/12.3.1/../../../../arm-none-eabi/lib/thumb/v7e-m+fp/hard\libc_nano.a(libc_a-mlock.o)
 .ARM.attributes
                0x000009cf       0x34 C:/ST/STM32CubeIDE_1.17.0/STM32CubeIDE/plugins/com.st.stm32cube.ide.mcu.externaltools.gnu-tools-for-stm32.12.3.rel1.win32_1.1.0.202410251130/tools/bin/../lib/gcc/arm-none-eabi/12.3.1/../../../../arm-none-eabi/lib/thumb/v7e-m+fp/hard\libc_nano.a(libc_a-nano-vfprintf.o)
 .ARM.attributes
                0x00000a03       0x34 C:/ST/STM32CubeIDE_1.17.0/STM32CubeIDE/plugins/com.st.stm32cube.ide.mcu.externaltools.gnu-tools-for-stm32.12.3.rel1.win32_1.1.0.202410251130/tools/bin/../lib/gcc/arm-none-eabi/12.3.1/../../../../arm-none-eabi/lib/thumb/v7e-m+fp/hard\libc_nano.a(libc_a-nano-vfprintf_i.o)
 .ARM.attributes
                0x00000a37       0x34 C:/ST/STM32CubeIDE_1.17.0/STM32CubeIDE/plugins/com.st.stm32cube.ide.mcu.externaltools.gnu-tools-for-stm32.12.3.rel1.win32_1.1.0.202410251130/tools/bin/../lib/gcc/arm-none-eabi/12.3.1/../../../../arm-none-eabi/lib/thumb/v7e-m+fp/hard\libc_nano.a(libc_a-fflush.o)
 .ARM.attributes
                0x00000a6b       0x34 C:/ST/STM32CubeIDE_1.17.0/STM32CubeIDE/plugins/com.st.stm32cube.ide.mcu.externaltools.gnu-tools-for-stm32.12.3.rel1.win32_1.1.0.202410251130/tools/bin/../lib/gcc/arm-none-eabi/12.3.1/../../../../arm-none-eabi/lib/thumb/v7e-m+fp/hard\libc_nano.a(libc_a-makebuf.o)
 .ARM.attributes
                0x00000a9f       0x34 C:/ST/STM32CubeIDE_1.17.0/STM32CubeIDE/plugins/com.st.stm32cube.ide.mcu.externaltools.gnu-tools-for-stm32.12.3.rel1.win32_1.1.0.202410251130/tools/bin/../lib/gcc/arm-none-eabi/12.3.1/../../../../arm-none-eabi/lib/thumb/v7e-m+fp/hard\libc_nano.a(libc_a-fstatr.o)
 .ARM.attributes
                0x00000ad3       0x34 C:/ST/STM32CubeIDE_1.17.0/STM32CubeIDE/plugins/com.st.stm32cube.ide.mcu.externaltools.gnu-tools-for-stm32.12.3.rel1.win32_1.1.0.202410251130/tools/bin/../lib/gcc/arm-none-eabi/12.3.1/../../../../arm-none-eabi/lib/thumb/v7e-m+fp/hard\libc_nano.a(libc_a-isattyr.o)
 .ARM.attributes
                0x00000b07       0x34 C:/ST/STM32CubeIDE_1.17.0/STM32CubeIDE/plugins/com.st.stm32cube.ide.mcu.externaltools.gnu-tools-for-stm32.12.3.rel1.win32_1.1.0.202410251130/tools/bin/../lib/gcc/arm-none-eabi/12.3.1/../../../../arm-none-eabi/lib/thumb/v7e-m+fp/hard\libc_nano.a(libc_a-sbrkr.o)
 .ARM.attributes
                0x00000b3b       0x1c C:/ST/STM32CubeIDE_1.17.0/STM32CubeIDE/plugins/com.st.stm32cube.ide.mcu.externaltools.gnu-tools-for-stm32.12.3.rel1.win32_1.1.0.202410251130/tools/bin/../lib/gcc/arm-none-eabi/12.3.1/../../../../arm-none-eabi/lib/thumb/v7e-m+fp/hard\libc_nano.a(libc_a-memchr.o)
 .ARM.attributes
                0x00000b57       0x22 C:/ST/STM32CubeIDE_1.17.0/STM32CubeIDE/plugins/com.st.stm32cube.ide.mcu.externaltools.gnu-tools-for-stm32.12.3.rel1.win32_1.1.0.202410251130/tools/bin/../lib/gcc/arm-none-eabi/12.3.1/thumb/v7e-m+fp/hard\libgcc.a(_aeabi_uldivmod.o)
 .ARM.attributes
                0x00000b79       0x34 C:/ST/STM32CubeIDE_1.17.0/STM32CubeIDE/plugins/com.st.stm32cube.ide.mcu.externaltools.gnu-tools-for-stm32.12.3.rel1.win32_1.1.0.202410251130/tools/bin/../lib/gcc/arm-none-eabi/12.3.1/thumb/v7e-m+fp/hard\libgcc.a(_udivmoddi4.o)
 .ARM.attributes
                0x00000bad       0x22 C:/ST/STM32CubeIDE_1.17.0/STM32CubeIDE/plugins/com.st.stm32cube.ide.mcu.externaltools.gnu-tools-for-stm32.12.3.rel1.win32_1.1.0.202410251130/tools/bin/../lib/gcc/arm-none-eabi/12.3.1/thumb/v7e-m+fp/hard\libgcc.a(_dvmd_tls.o)
 .ARM.attributes
                0x00000bcf       0x22 C:/ST/STM32CubeIDE_1.17.0/STM32CubeIDE/plugins/com.st.stm32cube.ide.mcu.externaltools.gnu-tools-for-stm32.12.3.rel1.win32_1.1.0.202410251130/tools/bin/../lib/gcc/arm-none-eabi/12.3.1/thumb/v7e-m+fp/hard/crtn.o
OUTPUT(ECEN2370_StarterCode_SP25.elf elf32-littlearm)
LOAD linker stubs
LOAD C:/ST/STM32CubeIDE_1.17.0/STM32CubeIDE/plugins/com.st.stm32cube.ide.mcu.externaltools.gnu-tools-for-stm32.12.3.rel1.win32_1.1.0.202410251130/tools/bin/../lib/gcc/arm-none-eabi/12.3.1/../../../../arm-none-eabi/lib/thumb/v7e-m+fp/hard\libc.a
LOAD C:/ST/STM32CubeIDE_1.17.0/STM32CubeIDE/plugins/com.st.stm32cube.ide.mcu.externaltools.gnu-tools-for-stm32.12.3.rel1.win32_1.1.0.202410251130/tools/bin/../lib/gcc/arm-none-eabi/12.3.1/../../../../arm-none-eabi/lib/thumb/v7e-m+fp/hard\libm.a
LOAD C:/ST/STM32CubeIDE_1.17.0/STM32CubeIDE/plugins/com.st.stm32cube.ide.mcu.externaltools.gnu-tools-for-stm32.12.3.rel1.win32_1.1.0.202410251130/tools/bin/../lib/gcc/arm-none-eabi/12.3.1/thumb/v7e-m+fp/hard\libgcc.a

.debug_info     0x00000000    0x14389
 .debug_info    0x00000000      0x8eb ./Core/Src/ApplicationCode.o
 .debug_info    0x000008eb      0x67e ./Core/Src/Button_Driver.o
 .debug_info    0x00000f69     0x1174 ./Core/Src/LCD_Driver.o
 .debug_info    0x000020dd      0x263 ./Core/Src/RNG_Driver.o
 .debug_info    0x00002340      0x145 ./Core/Src/fonts.o
 .debug_info    0x00002485      0xc85 ./Core/Src/ili9341.o
 .debug_info    0x0000310a     0x1935 ./Core/Src/main.o
 .debug_info    0x00004a3f     0x17b6 ./Core/Src/stm32f4xx_hal_msp.o
 .debug_info    0x000061f5      0x112 ./Core/Src/stm32f4xx_it.o
 .debug_info    0x00006307      0xdd6 ./Core/Src/stmpe811.o
 .debug_info    0x000070dd      0x6a3 ./Core/Src/syscalls.o
 .debug_info    0x00007780      0x168 ./Core/Src/sysmem.o
 .debug_info    0x000078e8      0x52e ./Core/Src/system_stm32f4xx.o
 .debug_info    0x00007e16       0x30 ./Core/Startup/startup_stm32f429zitx.o
 .debug_info    0x00007e46      0x9ba ./Drivers/STM32F4xx_HAL_Driver/Src/stm32f4xx_hal.o
 .debug_info    0x00008800      0xdc2 ./Drivers/STM32F4xx_HAL_Driver/Src/stm32f4xx_hal_cortex.o
 .debug_info    0x000095c2      0x4f4 ./Drivers/STM32F4xx_HAL_Driver/Src/stm32f4xx_hal_exti.o
 .debug_info    0x00009ab6      0x6db ./Drivers/STM32F4xx_HAL_Driver/Src/stm32f4xx_hal_gpio.o
 .debug_info    0x0000a191     0x2421 ./Drivers/STM32F4xx_HAL_Driver/Src/stm32f4xx_hal_i2c.o
 .debug_info    0x0000c5b2      0x672 ./Drivers/STM32F4xx_HAL_Driver/Src/stm32f4xx_hal_i2c_ex.o
 .debug_info    0x0000cc24     0x1022 ./Drivers/STM32F4xx_HAL_Driver/Src/stm32f4xx_hal_ltdc.o
 .debug_info    0x0000dc46      0x8c7 ./Drivers/STM32F4xx_HAL_Driver/Src/stm32f4xx_hal_rcc.o
 .debug_info    0x0000e50d      0x64c ./Drivers/STM32F4xx_HAL_Driver/Src/stm32f4xx_hal_rcc_ex.o
 .debug_info    0x0000eb59      0x493 ./Drivers/STM32F4xx_HAL_Driver/Src/stm32f4xx_hal_rng.o
 .debug_info    0x0000efec     0x1525 ./Drivers/STM32F4xx_HAL_Driver/Src/stm32f4xx_hal_spi.o
 .debug_info    0x00010511     0x299d ./Drivers/STM32F4xx_HAL_Driver/Src/stm32f4xx_hal_tim.o
 .debug_info    0x00012eae     0x14db ./Drivers/STM32F4xx_HAL_Driver/Src/stm32f4xx_hal_tim_ex.o

.debug_abbrev   0x00000000     0x34dd
 .debug_abbrev  0x00000000      0x289 ./Core/Src/ApplicationCode.o
 .debug_abbrev  0x00000289      0x19f ./Core/Src/Button_Driver.o
 .debug_abbrev  0x00000428      0x30e ./Core/Src/LCD_Driver.o
 .debug_abbrev  0x00000736      0x161 ./Core/Src/RNG_Driver.o
 .debug_abbrev  0x00000897       0xc6 ./Core/Src/fonts.o
 .debug_abbrev  0x0000095d      0x2c9 ./Core/Src/ili9341.o
 .debug_abbrev  0x00000c26      0x2cd ./Core/Src/main.o
 .debug_abbrev  0x00000ef3      0x25c ./Core/Src/stm32f4xx_hal_msp.o
 .debug_abbrev  0x0000114f       0x73 ./Core/Src/stm32f4xx_it.o
 .debug_abbrev  0x000011c2      0x2c9 ./Core/Src/stmpe811.o
 .debug_abbrev  0x0000148b      0x1b6 ./Core/Src/syscalls.o
 .debug_abbrev  0x00001641       0xbc ./Core/Src/sysmem.o
 .debug_abbrev  0x000016fd      0x11a ./Core/Src/system_stm32f4xx.o
 .debug_abbrev  0x00001817       0x24 ./Core/Startup/startup_stm32f429zitx.o
 .debug_abbrev  0x0000183b      0x214 ./Drivers/STM32F4xx_HAL_Driver/Src/stm32f4xx_hal.o
 .debug_abbrev  0x00001a4f      0x31d ./Drivers/STM32F4xx_HAL_Driver/Src/stm32f4xx_hal_cortex.o
 .debug_abbrev  0x00001d6c      0x1c6 ./Drivers/STM32F4xx_HAL_Driver/Src/stm32f4xx_hal_exti.o
 .debug_abbrev  0x00001f32      0x1d4 ./Drivers/STM32F4xx_HAL_Driver/Src/stm32f4xx_hal_gpio.o
 .debug_abbrev  0x00002106      0x2ad ./Drivers/STM32F4xx_HAL_Driver/Src/stm32f4xx_hal_i2c.o
 .debug_abbrev  0x000023b3      0x157 ./Drivers/STM32F4xx_HAL_Driver/Src/stm32f4xx_hal_i2c_ex.o
 .debug_abbrev  0x0000250a      0x233 ./Drivers/STM32F4xx_HAL_Driver/Src/stm32f4xx_hal_ltdc.o
 .debug_abbrev  0x0000273d      0x2b7 ./Drivers/STM32F4xx_HAL_Driver/Src/stm32f4xx_hal_rcc.o
 .debug_abbrev  0x000029f4      0x1b0 ./Drivers/STM32F4xx_HAL_Driver/Src/stm32f4xx_hal_rcc_ex.o
 .debug_abbrev  0x00002ba4      0x1c4 ./Drivers/STM32F4xx_HAL_Driver/Src/stm32f4xx_hal_rng.o
 .debug_abbrev  0x00002d68      0x27a ./Drivers/STM32F4xx_HAL_Driver/Src/stm32f4xx_hal_spi.o
 .debug_abbrev  0x00002fe2      0x278 ./Drivers/STM32F4xx_HAL_Driver/Src/stm32f4xx_hal_tim.o
 .debug_abbrev  0x0000325a      0x283 ./Drivers/STM32F4xx_HAL_Driver/Src/stm32f4xx_hal_tim_ex.o

.debug_aranges  0x00000000     0x14a8
 .debug_aranges
                0x00000000       0x80 ./Core/Src/ApplicationCode.o
 .debug_aranges
                0x00000080       0x28 ./Core/Src/Button_Driver.o
 .debug_aranges
                0x000000a8       0xd0 ./Core/Src/LCD_Driver.o
 .debug_aranges
                0x00000178       0x30 ./Core/Src/RNG_Driver.o
 .debug_aranges
                0x000001a8       0x18 ./Core/Src/fonts.o
 .debug_aranges
                0x000001c0       0x98 ./Core/Src/ili9341.o
 .debug_aranges
                0x00000258       0x60 ./Core/Src/main.o
 .debug_aranges
                0x000002b8       0x70 ./Core/Src/stm32f4xx_hal_msp.o
 .debug_aranges
                0x00000328       0x60 ./Core/Src/stm32f4xx_it.o
 .debug_aranges
                0x00000388       0x88 ./Core/Src/stmpe811.o
 .debug_aranges
                0x00000410       0xa8 ./Core/Src/syscalls.o
 .debug_aranges
                0x000004b8       0x20 ./Core/Src/sysmem.o
 .debug_aranges
                0x000004d8       0x28 ./Core/Src/system_stm32f4xx.o
 .debug_aranges
                0x00000500       0x28 ./Core/Startup/startup_stm32f429zitx.o
 .debug_aranges
                0x00000528      0x100 ./Drivers/STM32F4xx_HAL_Driver/Src/stm32f4xx_hal.o
 .debug_aranges
                0x00000628      0x130 ./Drivers/STM32F4xx_HAL_Driver/Src/stm32f4xx_hal_cortex.o
 .debug_aranges
                0x00000758       0x60 ./Drivers/STM32F4xx_HAL_Driver/Src/stm32f4xx_hal_exti.o
 .debug_aranges
                0x000007b8       0x58 ./Drivers/STM32F4xx_HAL_Driver/Src/stm32f4xx_hal_gpio.o
 .debug_aranges
                0x00000810      0x2a8 ./Drivers/STM32F4xx_HAL_Driver/Src/stm32f4xx_hal_i2c.o
 .debug_aranges
                0x00000ab8       0x28 ./Drivers/STM32F4xx_HAL_Driver/Src/stm32f4xx_hal_i2c_ex.o
 .debug_aranges
                0x00000ae0      0x158 ./Drivers/STM32F4xx_HAL_Driver/Src/stm32f4xx_hal_ltdc.o
 .debug_aranges
                0x00000c38       0x88 ./Drivers/STM32F4xx_HAL_Driver/Src/stm32f4xx_hal_rcc.o
 .debug_aranges
                0x00000cc0       0x58 ./Drivers/STM32F4xx_HAL_Driver/Src/stm32f4xx_hal_rcc_ex.o
 .debug_aranges
                0x00000d18       0x88 ./Drivers/STM32F4xx_HAL_Driver/Src/stm32f4xx_hal_rng.o
 .debug_aranges
                0x00000da0      0x1d0 ./Drivers/STM32F4xx_HAL_Driver/Src/stm32f4xx_hal_spi.o
 .debug_aranges
                0x00000f70      0x3d0 ./Drivers/STM32F4xx_HAL_Driver/Src/stm32f4xx_hal_tim.o
 .debug_aranges
                0x00001340      0x168 ./Drivers/STM32F4xx_HAL_Driver/Src/stm32f4xx_hal_tim_ex.o

.debug_rnglists
                0x00000000      0xfe3
 .debug_rnglists
                0x00000000       0x60 ./Core/Src/ApplicationCode.o
 .debug_rnglists
                0x00000060       0x19 ./Core/Src/Button_Driver.o
 .debug_rnglists
                0x00000079       0x9f ./Core/Src/LCD_Driver.o
 .debug_rnglists
                0x00000118       0x1f ./Core/Src/RNG_Driver.o
 .debug_rnglists
                0x00000137       0x6f ./Core/Src/ili9341.o
 .debug_rnglists
                0x000001a6       0x48 ./Core/Src/main.o
 .debug_rnglists
                0x000001ee       0x53 ./Core/Src/stm32f4xx_hal_msp.o
 .debug_rnglists
                0x00000241       0x43 ./Core/Src/stm32f4xx_it.o
 .debug_rnglists
                0x00000284       0x67 ./Core/Src/stmpe811.o
 .debug_rnglists
                0x000002eb       0x79 ./Core/Src/syscalls.o
 .debug_rnglists
                0x00000364       0x13 ./Core/Src/sysmem.o
 .debug_rnglists
                0x00000377       0x1a ./Core/Src/system_stm32f4xx.o
 .debug_rnglists
                0x00000391       0x19 ./Core/Startup/startup_stm32f429zitx.o
 .debug_rnglists
                0x000003aa       0xbb ./Drivers/STM32F4xx_HAL_Driver/Src/stm32f4xx_hal.o
 .debug_rnglists
                0x00000465       0xe0 ./Drivers/STM32F4xx_HAL_Driver/Src/stm32f4xx_hal_cortex.o
 .debug_rnglists
                0x00000545       0x46 ./Drivers/STM32F4xx_HAL_Driver/Src/stm32f4xx_hal_exti.o
 .debug_rnglists
                0x0000058b       0x3f ./Drivers/STM32F4xx_HAL_Driver/Src/stm32f4xx_hal_gpio.o
 .debug_rnglists
                0x000005ca      0x23c ./Drivers/STM32F4xx_HAL_Driver/Src/stm32f4xx_hal_i2c.o
 .debug_rnglists
                0x00000806       0x19 ./Drivers/STM32F4xx_HAL_Driver/Src/stm32f4xx_hal_i2c_ex.o
 .debug_rnglists
                0x0000081f      0x10a ./Drivers/STM32F4xx_HAL_Driver/Src/stm32f4xx_hal_ltdc.o
 .debug_rnglists
                0x00000929       0x66 ./Drivers/STM32F4xx_HAL_Driver/Src/stm32f4xx_hal_rcc.o
 .debug_rnglists
                0x0000098f       0x43 ./Drivers/STM32F4xx_HAL_Driver/Src/stm32f4xx_hal_rcc_ex.o
 .debug_rnglists
                0x000009d2       0x63 ./Drivers/STM32F4xx_HAL_Driver/Src/stm32f4xx_hal_rng.o
 .debug_rnglists
                0x00000a35      0x16f ./Drivers/STM32F4xx_HAL_Driver/Src/stm32f4xx_hal_spi.o
 .debug_rnglists
                0x00000ba4      0x31a ./Drivers/STM32F4xx_HAL_Driver/Src/stm32f4xx_hal_tim.o
 .debug_rnglists
                0x00000ebe      0x125 ./Drivers/STM32F4xx_HAL_Driver/Src/stm32f4xx_hal_tim_ex.o

.debug_macro    0x00000000    0x2750d
 .debug_macro   0x00000000      0x34c ./Core/Src/ApplicationCode.o
 .debug_macro   0x0000034c      0xab4 ./Core/Src/ApplicationCode.o
 .debug_macro   0x00000e00      0x2ad ./Core/Src/ApplicationCode.o
 .debug_macro   0x000010ad       0x2e ./Core/Src/ApplicationCode.o
 .debug_macro   0x000010db       0x28 ./Core/Src/ApplicationCode.o
 .debug_macro   0x00001103       0x22 ./Core/Src/ApplicationCode.o
 .debug_macro   0x00001125       0x8e ./Core/Src/ApplicationCode.o
 .debug_macro   0x000011b3       0x51 ./Core/Src/ApplicationCode.o
 .debug_macro   0x00001204      0x103 ./Core/Src/ApplicationCode.o
 .debug_macro   0x00001307       0x6a ./Core/Src/ApplicationCode.o
 .debug_macro   0x00001371      0x1df ./Core/Src/ApplicationCode.o
 .debug_macro   0x00001550       0x1c ./Core/Src/ApplicationCode.o
 .debug_macro   0x0000156c       0x22 ./Core/Src/ApplicationCode.o
 .debug_macro   0x0000158e       0xfb ./Core/Src/ApplicationCode.o
 .debug_macro   0x00001689     0x1011 ./Core/Src/ApplicationCode.o
 .debug_macro   0x0000269a      0x11f ./Core/Src/ApplicationCode.o
 .debug_macro   0x000027b9    0x17fd8 ./Core/Src/ApplicationCode.o
 .debug_macro   0x0001a791       0x6d ./Core/Src/ApplicationCode.o
 .debug_macro   0x0001a7fe     0x3711 ./Core/Src/ApplicationCode.o
 .debug_macro   0x0001df0f      0x189 ./Core/Src/ApplicationCode.o
 .debug_macro   0x0001e098       0x5c ./Core/Src/ApplicationCode.o
 .debug_macro   0x0001e0f4      0xcba ./Core/Src/ApplicationCode.o
 .debug_macro   0x0001edae      0x9e9 ./Core/Src/ApplicationCode.o
 .debug_macro   0x0001f797      0x115 ./Core/Src/ApplicationCode.o
 .debug_macro   0x0001f8ac      0x156 ./Core/Src/ApplicationCode.o
 .debug_macro   0x0001fa02       0xa5 ./Core/Src/ApplicationCode.o
 .debug_macro   0x0001faa7      0x182 ./Core/Src/ApplicationCode.o
 .debug_macro   0x0001fc29      0x287 ./Core/Src/ApplicationCode.o
 .debug_macro   0x0001feb0       0x5f ./Core/Src/ApplicationCode.o
 .debug_macro   0x0001ff0f      0x236 ./Core/Src/ApplicationCode.o
 .debug_macro   0x00020145      0x132 ./Core/Src/ApplicationCode.o
 .debug_macro   0x00020277      0x41d ./Core/Src/ApplicationCode.o
 .debug_macro   0x00020694       0x2e ./Core/Src/ApplicationCode.o
 .debug_macro   0x000206c2      0x1b5 ./Core/Src/ApplicationCode.o
 .debug_macro   0x00020877       0x22 ./Core/Src/ApplicationCode.o
 .debug_macro   0x00020899       0xd6 ./Core/Src/ApplicationCode.o
 .debug_macro   0x0002096f      0x198 ./Core/Src/ApplicationCode.o
 .debug_macro   0x00020b07       0xd6 ./Core/Src/ApplicationCode.o
 .debug_macro   0x00020bdd      0x127 ./Core/Src/ApplicationCode.o
 .debug_macro   0x00020d04       0xe2 ./Core/Src/ApplicationCode.o
 .debug_macro   0x00020de6       0x89 ./Core/Src/ApplicationCode.o
 .debug_macro   0x00020e6f       0xa4 ./Core/Src/ApplicationCode.o
 .debug_macro   0x00020f13      0x225 ./Core/Src/ApplicationCode.o
 .debug_macro   0x00021138      0x8ed ./Core/Src/ApplicationCode.o
 .debug_macro   0x00021a25       0x4d ./Core/Src/ApplicationCode.o
 .debug_macro   0x00021a72      0x134 ./Core/Src/ApplicationCode.o
 .debug_macro   0x00021ba6      0x332 ./Core/Src/ApplicationCode.o
 .debug_macro   0x00021ed8       0x22 ./Core/Src/ApplicationCode.o
 .debug_macro   0x00021efa      0x173 ./Core/Src/ApplicationCode.o
 .debug_macro   0x0002206d       0x88 ./Core/Src/ApplicationCode.o
 .debug_macro   0x000220f5       0x61 ./Core/Src/ApplicationCode.o
 .debug_macro   0x00022156       0x2a ./Core/Src/ApplicationCode.o
 .debug_macro   0x00022180       0x43 ./Core/Src/ApplicationCode.o
 .debug_macro   0x000221c3       0x34 ./Core/Src/ApplicationCode.o
 .debug_macro   0x000221f7       0x16 ./Core/Src/ApplicationCode.o
 .debug_macro   0x0002220d       0x35 ./Core/Src/ApplicationCode.o